2026-01-31T04:04:45.786152+00:00 DESKTOP-7F4TK0M systemd[1]: rsyslog.service: Sent signal SIGHUP to main process 335 (rsyslogd) on client request.
2026-01-31T04:04:45.786532+00:00 DESKTOP-7F4TK0M rsyslogd: [origin software="rsyslogd" swVersion="8.2312.0" x-pid="335" x-info="https://www.rsyslog.com"] rsyslogd was HUPed
2026-01-31T04:04:45.789171+00:00 DESKTOP-7F4TK0M snapd[297]: overlord.go:274: Acquiring state lock file
2026-01-31T04:04:45.789265+00:00 DESKTOP-7F4TK0M snapd[297]: overlord.go:279: Acquired state lock file
2026-01-31T04:04:45.804294+00:00 DESKTOP-7F4TK0M systemd[1]: logrotate.service: Deactivated successfully.
2026-01-31T04:04:45.805098+00:00 DESKTOP-7F4TK0M systemd[1]: Finished logrotate.service - Rotate log files.
2026-01-31T04:04:45.823538+00:00 DESKTOP-7F4TK0M snapd[297]: daemon.go:250: started snapd/2.66.1+24.04 (series 16; classic; devmode; wsl) ubuntu/24.04 (amd64) linux/6.6.87.2-microsoft-standa.
2026-01-31T04:04:45.862701+00:00 DESKTOP-7F4TK0M systemd[1]: tmp-syscheck\x2dmountpoint\x2d4215662590.mount: Deactivated successfully.
2026-01-31T04:04:45.863339+00:00 DESKTOP-7F4TK0M snapd[297]: daemon.go:353: adjusting startup timeout by 30s (pessimistic estimate of 30s plus 5s per snap)
2026-01-31T04:04:45.866116+00:00 DESKTOP-7F4TK0M snapd[297]: backends.go:58: AppArmor status: apparmor not enabled
2026-01-31T04:04:45.880753+00:00 DESKTOP-7F4TK0M kernel: intel_rapl_msr: PL4 support detected.
2026-01-31T04:04:45.916527+00:00 DESKTOP-7F4TK0M systemd[1]: Cannot find unit for notify message of PID 432, ignoring.
2026-01-31T04:04:45.917730+00:00 DESKTOP-7F4TK0M systemd[1]: Started snapd.service - Snap Daemon.
2026-01-31T04:04:45.922981+00:00 DESKTOP-7F4TK0M dbus-daemon[277]: [system] Activating via systemd: service name='org.freedesktop.timedate1' unit='dbus-org.freedesktop.timedate1.service' requested by ':1.5' (uid=0 pid=297 comm="/usr/lib/snapd/snapd" label="kernel")
2026-01-31T04:04:45.961398+00:00 DESKTOP-7F4TK0M systemd[1]: Starting systemd-timedated.service - Time & Date Service...
2026-01-31T04:04:46.004514+00:00 DESKTOP-7F4TK0M dbus-daemon[277]: [system] Successfully activated service 'org.freedesktop.timedate1'
2026-01-31T04:04:46.004697+00:00 DESKTOP-7F4TK0M systemd[1]: Started systemd-timedated.service - Time & Date Service.
2026-01-31T04:04:46.026732+00:00 DESKTOP-7F4TK0M systemd[1]: Finished snapd.seeded.service - Wait until snapd is fully seeded.
2026-01-31T04:04:46.027834+00:00 DESKTOP-7F4TK0M systemd[1]: snapd.autoimport.service - Auto import assertions from block devices was skipped because no trigger condition checks were met.
2026-01-31T04:04:46.330622+00:00 DESKTOP-7F4TK0M systemd[1]: Created slice user-0.slice - User Slice of UID 0.
2026-01-31T04:04:46.332179+00:00 DESKTOP-7F4TK0M systemd[1]: Starting user-runtime-dir@0.service - User Runtime Directory /run/user/0...
2026-01-31T04:04:46.395843+00:00 DESKTOP-7F4TK0M systemd[1]: Finished user-runtime-dir@0.service - User Runtime Directory /run/user/0.
2026-01-31T04:04:46.398942+00:00 DESKTOP-7F4TK0M systemd[1]: Starting user@0.service - User Manager for UID 0...
2026-01-31T04:04:46.430296+00:00 DESKTOP-7F4TK0M landscape-config[283]: Registered:    False
2026-01-31T04:04:46.430439+00:00 DESKTOP-7F4TK0M landscape-config[283]: Config Path:   /etc/landscape/client.conf
2026-01-31T04:04:46.430467+00:00 DESKTOP-7F4TK0M landscape-config[283]: Data Path      /var/lib/landscape/client
2026-01-31T04:04:46.534115+00:00 DESKTOP-7F4TK0M systemd[464]: Queued start job for default target default.target.
2026-01-31T04:04:46.553173+00:00 DESKTOP-7F4TK0M systemd[1]: landscape-client.service: Skipped due to 'exec-condition'.
2026-01-31T04:04:46.553526+00:00 DESKTOP-7F4TK0M systemd[1]: Condition check resulted in landscape-client.service - Landscape client daemons being skipped.
2026-01-31T04:04:46.554449+00:00 DESKTOP-7F4TK0M systemd[464]: Created slice app.slice - User Application Slice.
2026-01-31T04:04:46.554552+00:00 DESKTOP-7F4TK0M systemd[464]: Started launchpadlib-cache-clean.timer - Clean up old files in the Launchpadlib cache.
2026-01-31T04:04:46.554615+00:00 DESKTOP-7F4TK0M systemd[464]: Reached target paths.target - Paths.
2026-01-31T04:04:46.554681+00:00 DESKTOP-7F4TK0M systemd[464]: Reached target timers.target - Timers.
2026-01-31T04:04:46.555470+00:00 DESKTOP-7F4TK0M systemd[464]: Starting dbus.socket - D-Bus User Message Bus Socket...
2026-01-31T04:04:46.555648+00:00 DESKTOP-7F4TK0M systemd[464]: Listening on dirmngr.socket - GnuPG network certificate management daemon.
2026-01-31T04:04:46.555770+00:00 DESKTOP-7F4TK0M systemd[464]: Listening on gpg-agent-browser.socket - GnuPG cryptographic agent and passphrase cache (access for web browsers).
2026-01-31T04:04:46.555891+00:00 DESKTOP-7F4TK0M systemd[464]: Listening on gpg-agent-extra.socket - GnuPG cryptographic agent and passphrase cache (restricted).
2026-01-31T04:04:46.556977+00:00 DESKTOP-7F4TK0M systemd[464]: Starting gpg-agent-ssh.socket - GnuPG cryptographic agent (ssh-agent emulation)...
2026-01-31T04:04:46.557078+00:00 DESKTOP-7F4TK0M systemd[464]: Listening on gpg-agent.socket - GnuPG cryptographic agent and passphrase cache.
2026-01-31T04:04:46.557840+00:00 DESKTOP-7F4TK0M systemd[464]: Listening on keyboxd.socket - GnuPG public key management service.
2026-01-31T04:04:46.557975+00:00 DESKTOP-7F4TK0M systemd[464]: Listening on pk-debconf-helper.socket - debconf communication socket.
2026-01-31T04:04:46.558058+00:00 DESKTOP-7F4TK0M systemd[464]: Listening on snapd.session-agent.socket - REST API socket for snapd user session agent.
2026-01-31T04:04:46.559400+00:00 DESKTOP-7F4TK0M systemd[464]: Starting wslg-session.service - WSLg user service...
2026-01-31T04:04:46.569686+00:00 DESKTOP-7F4TK0M systemd[464]: Listening on dbus.socket - D-Bus User Message Bus Socket.
2026-01-31T04:04:46.582045+00:00 DESKTOP-7F4TK0M systemd[464]: Listening on gpg-agent-ssh.socket - GnuPG cryptographic agent (ssh-agent emulation).
2026-01-31T04:04:46.582350+00:00 DESKTOP-7F4TK0M systemd[464]: Reached target sockets.target - Sockets.
2026-01-31T04:04:46.582463+00:00 DESKTOP-7F4TK0M systemd[464]: Reached target basic.target - Basic System.
2026-01-31T04:04:46.582520+00:00 DESKTOP-7F4TK0M systemd[464]: Reached target default.target - Main User Target.
2026-01-31T04:04:46.582565+00:00 DESKTOP-7F4TK0M systemd[1]: Started user@0.service - User Manager for UID 0.
2026-01-31T04:04:46.584112+00:00 DESKTOP-7F4TK0M systemd[1]: Started session-2.scope - Session 2 of User root.
2026-01-31T04:04:46.603820+00:00 DESKTOP-7F4TK0M systemd[464]: Finished wslg-session.service - WSLg user service.
2026-01-31T04:04:46.603953+00:00 DESKTOP-7F4TK0M systemd[464]: Startup finished in 185ms.
2026-01-31T04:04:47.899817+00:00 DESKTOP-7F4TK0M wsl-pro-service[308]: #033[37mDEBUG#033[0m Ready state sent to systemd
2026-01-31T04:04:47.899935+00:00 DESKTOP-7F4TK0M wsl-pro-service[308]: #033[36mINFO#033[0m Daemon: connecting to Windows Agent
2026-01-31T04:04:47.900016+00:00 DESKTOP-7F4TK0M wsl-pro-service[308]: #033[37mDEBUG#033[0m Updated systemd status to "Connecting"
2026-01-31T04:04:47.900087+00:00 DESKTOP-7F4TK0M wsl-pro-service[308]: #033[33mWARNING#033[0m Daemon: could not connect to Windows Agent: could not get address: could not read agent port file "/mnt/c/Users/Mustafa/.ubuntupro/.address": open /mnt/c/Users/Mustafa/.ubuntupro/.address: no such file or directory
2026-01-31T04:04:47.900107+00:00 DESKTOP-7F4TK0M wsl-pro-service[308]: #033[36mINFO#033[0m Reconnecting to Windows host in 1 seconds
2026-01-31T04:04:47.900151+00:00 DESKTOP-7F4TK0M wsl-pro-service[308]: #033[37mDEBUG#033[0m Updated systemd status to "Not connected: waiting to retry"
2026-01-31T04:04:47.900363+00:00 DESKTOP-7F4TK0M systemd[1]: Started wsl-pro.service - Bridge to Ubuntu Pro agent on Windows.
2026-01-31T04:04:47.900967+00:00 DESKTOP-7F4TK0M systemd[1]: Reached target multi-user.target - Multi-User System.
2026-01-31T04:04:47.901415+00:00 DESKTOP-7F4TK0M systemd[1]: Reached target graphical.target - Graphical Interface.
2026-01-31T04:04:47.949279+00:00 DESKTOP-7F4TK0M systemd[1]: Starting systemd-update-utmp-runlevel.service - Record Runlevel Change in UTMP...
2026-01-31T04:04:47.957122+00:00 DESKTOP-7F4TK0M systemd[1]: systemd-update-utmp-runlevel.service: Deactivated successfully.
2026-01-31T04:04:47.957298+00:00 DESKTOP-7F4TK0M systemd[1]: Finished systemd-update-utmp-runlevel.service - Record Runlevel Change in UTMP.
2026-01-31T04:04:47.958315+00:00 DESKTOP-7F4TK0M systemd[1]: Startup finished in 12.712s.
2026-01-31T04:04:48.271002+00:00 DESKTOP-7F4TK0M systemd[1]: dmesg.service: Deactivated successfully.
2026-01-31T04:04:48.477666+00:00 DESKTOP-7F4TK0M addgroup[613]: The group `docker' already exists.
2026-01-31T04:04:48.517490+00:00 DESKTOP-7F4TK0M addgroup[615]: addgroup with two arguments is an unspecified operation.
2026-01-31T04:04:48.900347+00:00 DESKTOP-7F4TK0M wsl-pro-service[308]: #033[36mINFO#033[0m Daemon: connecting to Windows Agent
2026-01-31T04:04:48.900469+00:00 DESKTOP-7F4TK0M wsl-pro-service[308]: #033[37mDEBUG#033[0m Updated systemd status to "Connecting"
2026-01-31T04:04:48.900723+00:00 DESKTOP-7F4TK0M wsl-pro-service[308]: #033[33mWARNING#033[0m Daemon: could not connect to Windows Agent: could not get address: could not read agent port file "/mnt/c/Users/Mustafa/.ubuntupro/.address": open /mnt/c/Users/Mustafa/.ubuntupro/.address: no such file or directory
2026-01-31T04:04:48.900782+00:00 DESKTOP-7F4TK0M wsl-pro-service[308]: #033[36mINFO#033[0m Reconnecting to Windows host in 2 seconds
2026-01-31T04:04:48.900812+00:00 DESKTOP-7F4TK0M wsl-pro-service[308]: #033[37mDEBUG#033[0m Updated systemd status to "Not connected: waiting to retry"
2026-01-31T04:04:50.902414+00:00 DESKTOP-7F4TK0M wsl-pro-service[308]: #033[36mINFO#033[0m Daemon: connecting to Windows Agent
2026-01-31T04:04:50.902581+00:00 DESKTOP-7F4TK0M wsl-pro-service[308]: #033[37mDEBUG#033[0m Updated systemd status to "Connecting"
2026-01-31T04:04:50.944091+00:00 DESKTOP-7F4TK0M snapd[297]: daemon.go:548: gracefully waiting for running hooks
2026-01-31T04:04:50.944260+00:00 DESKTOP-7F4TK0M snapd[297]: daemon.go:550: done waiting for running hooks
2026-01-31T04:04:51.238162+00:00 DESKTOP-7F4TK0M wsl-pro-service[308]: #033[33mWARNING#033[0m Daemon: could not connect to Windows Agent: could not get address: could not read agent port file "/mnt/c/Users/Mustafa/.ubuntupro/.address": open /mnt/c/Users/Mustafa/.ubuntupro/.address: no such file or directory
2026-01-31T04:04:51.238270+00:00 DESKTOP-7F4TK0M wsl-pro-service[308]: #033[36mINFO#033[0m Reconnecting to Windows host in 4 seconds
2026-01-31T04:04:51.238307+00:00 DESKTOP-7F4TK0M wsl-pro-service[308]: #033[37mDEBUG#033[0m Updated systemd status to "Not connected: waiting to retry"
2026-01-31T04:04:53.958320+00:00 DESKTOP-7F4TK0M snapd[297]: overlord.go:518: Released state lock file
2026-01-31T04:04:53.961460+00:00 DESKTOP-7F4TK0M snapd[297]: daemon stop requested to wait for socket activation
2026-01-31T04:04:53.978811+00:00 DESKTOP-7F4TK0M systemd[1]: snapd.service: Deactivated successfully.
2026-01-31T04:04:55.242594+00:00 DESKTOP-7F4TK0M wsl-pro-service[308]: #033[36mINFO#033[0m Daemon: connecting to Windows Agent
2026-01-31T04:04:55.243066+00:00 DESKTOP-7F4TK0M wsl-pro-service[308]: #033[37mDEBUG#033[0m Updated systemd status to "Connecting"
2026-01-31T04:04:55.243842+00:00 DESKTOP-7F4TK0M wsl-pro-service[308]: #033[33mWARNING#033[0m Daemon: could not connect to Windows Agent: could not get address: could not read agent port file "/mnt/c/Users/Mustafa/.ubuntupro/.address": open /mnt/c/Users/Mustafa/.ubuntupro/.address: no such file or directory
2026-01-31T04:04:55.243886+00:00 DESKTOP-7F4TK0M wsl-pro-service[308]: #033[36mINFO#033[0m Reconnecting to Windows host in 8 seconds
2026-01-31T04:04:55.244008+00:00 DESKTOP-7F4TK0M wsl-pro-service[308]: #033[37mDEBUG#033[0m Updated systemd status to "Not connected: waiting to retry"
2026-01-31T04:04:58.302083+00:00 DESKTOP-7F4TK0M systemd-resolved[199]: Clock change detected. Flushing caches.
2026-01-31T04:05:03.458785+00:00 DESKTOP-7F4TK0M wsl-pro-service[308]: #033[36mINFO#033[0m Daemon: connecting to Windows Agent
2026-01-31T04:05:03.458987+00:00 DESKTOP-7F4TK0M wsl-pro-service[308]: #033[37mDEBUG#033[0m Updated systemd status to "Connecting"
2026-01-31T04:05:03.461436+00:00 DESKTOP-7F4TK0M wsl-pro-service[308]: #033[33mWARNING#033[0m Daemon: could not connect to Windows Agent: could not get address: could not read agent port file "/mnt/c/Users/Mustafa/.ubuntupro/.address": open /mnt/c/Users/Mustafa/.ubuntupro/.address: no such file or directory
2026-01-31T04:05:03.461598+00:00 DESKTOP-7F4TK0M wsl-pro-service[308]: #033[36mINFO#033[0m Reconnecting to Windows host in 16 seconds
2026-01-31T04:05:03.462020+00:00 DESKTOP-7F4TK0M wsl-pro-service[308]: #033[37mDEBUG#033[0m Updated systemd status to "Not connected: waiting to retry"
2026-01-31T04:05:06.870603+00:00 DESKTOP-7F4TK0M kernel: hv_balloon: Max. dynamic memory size: 3962 MB
2026-01-31T04:05:16.251140+00:00 DESKTOP-7F4TK0M systemd[1]: systemd-timedated.service: Deactivated successfully.
2026-01-31T04:05:19.477424+00:00 DESKTOP-7F4TK0M wsl-pro-service[308]: #033[36mINFO#033[0m Daemon: connecting to Windows Agent
2026-01-31T04:05:19.477636+00:00 DESKTOP-7F4TK0M wsl-pro-service[308]: #033[37mDEBUG#033[0m Updated systemd status to "Connecting"
2026-01-31T04:05:19.478492+00:00 DESKTOP-7F4TK0M wsl-pro-service[308]: #033[33mWARNING#033[0m Daemon: could not connect to Windows Agent: could not get address: could not read agent port file "/mnt/c/Users/Mustafa/.ubuntupro/.address": open /mnt/c/Users/Mustafa/.ubuntupro/.address: no such file or directory
2026-01-31T04:05:19.478668+00:00 DESKTOP-7F4TK0M wsl-pro-service[308]: #033[36mINFO#033[0m Reconnecting to Windows host in 32 seconds
2026-01-31T04:05:19.478925+00:00 DESKTOP-7F4TK0M wsl-pro-service[308]: #033[37mDEBUG#033[0m Updated systemd status to "Not connected: waiting to retry"
2026-01-31T04:05:28.563037+00:00 DESKTOP-7F4TK0M systemd-resolved[199]: Clock change detected. Flushing caches.
2026-01-31T04:05:51.766405+00:00 DESKTOP-7F4TK0M wsl-pro-service[308]: #033[36mINFO#033[0m Daemon: connecting to Windows Agent
2026-01-31T04:05:51.769315+00:00 DESKTOP-7F4TK0M wsl-pro-service[308]: #033[37mDEBUG#033[0m Updated systemd status to "Connecting"
2026-01-31T04:05:51.770498+00:00 DESKTOP-7F4TK0M wsl-pro-service[308]: #033[33mWARNING#033[0m Daemon: could not connect to Windows Agent: could not get address: could not read agent port file "/mnt/c/Users/Mustafa/.ubuntupro/.address": open /mnt/c/Users/Mustafa/.ubuntupro/.address: no such file or directory
2026-01-31T04:05:51.770729+00:00 DESKTOP-7F4TK0M wsl-pro-service[308]: #033[36mINFO#033[0m Reconnecting to Windows host in 60 seconds
2026-01-31T04:05:51.770993+00:00 DESKTOP-7F4TK0M wsl-pro-service[308]: #033[37mDEBUG#033[0m Updated systemd status to "Not connected: waiting to retry"
2026-01-31T04:05:58.746800+00:00 DESKTOP-7F4TK0M systemd-resolved[199]: Clock change detected. Flushing caches.
2026-01-31T04:06:33.041599+00:00 DESKTOP-7F4TK0M systemd-resolved[199]: message repeated 2 times: [ Clock change detected. Flushing caches.]
2026-01-31T04:06:51.752566+00:00 DESKTOP-7F4TK0M wsl-pro-service[308]: #033[36mINFO#033[0m Daemon: connecting to Windows Agent
2026-01-31T04:06:52.095917+00:00 DESKTOP-7F4TK0M wsl-pro-service[308]: #033[37mDEBUG#033[0m Updated systemd status to "Connecting"
2026-01-31T04:06:53.233096+00:00 DESKTOP-7F4TK0M wsl-pro-service[308]: #033[33mWARNING#033[0m Daemon: could not connect to Windows Agent: could not get address: could not read agent port file "/mnt/c/Users/Mustafa/.ubuntupro/.address": open /mnt/c/Users/Mustafa/.ubuntupro/.address: no such file or directory
2026-01-31T04:06:53.233625+00:00 DESKTOP-7F4TK0M wsl-pro-service[308]: #033[36mINFO#033[0m Reconnecting to Windows host in 60 seconds
2026-01-31T04:06:53.233705+00:00 DESKTOP-7F4TK0M wsl-pro-service[308]: #033[37mDEBUG#033[0m Updated systemd status to "Not connected: waiting to retry"
2026-01-31T04:07:20.393076+00:00 DESKTOP-7F4TK0M systemd-resolved[199]: Clock change detected. Flushing caches.
2026-01-31T04:07:53.354354+00:00 DESKTOP-7F4TK0M wsl-pro-service[308]: #033[36mINFO#033[0m Daemon: connecting to Windows Agent
2026-01-31T04:07:53.355208+00:00 DESKTOP-7F4TK0M wsl-pro-service[308]: #033[37mDEBUG#033[0m Updated systemd status to "Connecting"
2026-01-31T04:07:53.737164+00:00 DESKTOP-7F4TK0M wsl-pro-service[308]: #033[33mWARNING#033[0m Daemon: could not connect to Windows Agent: could not get address: could not read agent port file "/mnt/c/Users/Mustafa/.ubuntupro/.address": open /mnt/c/Users/Mustafa/.ubuntupro/.address: no such file or directory
2026-01-31T04:07:53.737302+00:00 DESKTOP-7F4TK0M wsl-pro-service[308]: #033[36mINFO#033[0m Reconnecting to Windows host in 60 seconds
2026-01-31T04:07:53.737328+00:00 DESKTOP-7F4TK0M wsl-pro-service[308]: #033[37mDEBUG#033[0m Updated systemd status to "Not connected: waiting to retry"
2026-01-31T04:07:53.722368+00:00 DESKTOP-7F4TK0M systemd-resolved[199]: Clock change detected. Flushing caches.
2026-01-31T04:07:54.171181+00:00 DESKTOP-7F4TK0M kernel: systemd-journald[131]: Time jumped backwards, rotating.
2026-01-31T04:08:33.103335+00:00 DESKTOP-7F4TK0M systemd-resolved[199]: message repeated 3 times: [ Clock change detected. Flushing caches.]
2026-01-31T04:08:53.307718+00:00 DESKTOP-7F4TK0M wsl-pro-service[308]: #033[36mINFO#033[0m Daemon: connecting to Windows Agent
2026-01-31T04:08:53.614036+00:00 DESKTOP-7F4TK0M wsl-pro-service[308]: #033[37mDEBUG#033[0m Updated systemd status to "Connecting"
2026-01-31T04:08:53.831327+00:00 DESKTOP-7F4TK0M wsl-pro-service[308]: #033[33mWARNING#033[0m Daemon: could not connect to Windows Agent: could not get address: could not read agent port file "/mnt/c/Users/Mustafa/.ubuntupro/.address": open /mnt/c/Users/Mustafa/.ubuntupro/.address: no such file or directory
2026-01-31T04:08:53.834227+00:00 DESKTOP-7F4TK0M wsl-pro-service[308]: #033[36mINFO#033[0m Reconnecting to Windows host in 60 seconds
2026-01-31T04:08:54.370687+00:00 DESKTOP-7F4TK0M wsl-pro-service[308]: #033[37mDEBUG#033[0m Updated systemd status to "Not connected: waiting to retry"
2026-01-31T04:09:03.341506+00:00 DESKTOP-7F4TK0M systemd-resolved[199]: Clock change detected. Flushing caches.
2026-01-31T04:09:40.614406+00:00 DESKTOP-7F4TK0M systemd-resolved[199]: Clock change detected. Flushing caches.
2026-01-31T04:09:53.728353+00:00 DESKTOP-7F4TK0M wsl-pro-service[308]: #033[36mINFO#033[0m Daemon: connecting to Windows Agent
2026-01-31T04:09:54.673331+00:00 DESKTOP-7F4TK0M wsl-pro-service[308]: #033[37mDEBUG#033[0m Updated systemd status to "Connecting"
2026-01-31T04:09:54.673504+00:00 DESKTOP-7F4TK0M wsl-pro-service[308]: #033[33mWARNING#033[0m Daemon: could not connect to Windows Agent: could not get address: could not read agent port file "/mnt/c/Users/Mustafa/.ubuntupro/.address": open /mnt/c/Users/Mustafa/.ubuntupro/.address: no such file or directory
2026-01-31T04:09:54.673549+00:00 DESKTOP-7F4TK0M wsl-pro-service[308]: #033[36mINFO#033[0m Reconnecting to Windows host in 60 seconds
2026-01-31T04:09:54.673586+00:00 DESKTOP-7F4TK0M wsl-pro-service[308]: #033[37mDEBUG#033[0m Updated systemd status to "Not connected: waiting to retry"
2026-01-31T04:10:10.690328+00:00 DESKTOP-7F4TK0M systemd-resolved[199]: Clock change detected. Flushing caches.
2026-01-31T04:10:11.346135+00:00 DESKTOP-7F4TK0M systemd-resolved[199]: Clock change detected. Flushing caches.
2026-01-31T04:10:32.218662+00:00 DESKTOP-7F4TK0M systemd[464]: launchpadlib-cache-clean.service - Clean up old files in the Launchpadlib cache was skipped because of an unmet condition check (ConditionPathExists=/root/.launchpadlib/api.launchpad.net/cache).
2026-01-31T04:10:56.528530+00:00 DESKTOP-7F4TK0M wsl-pro-service[308]: #033[36mINFO#033[0m Daemon: connecting to Windows Agent
2026-01-31T04:11:02.013325+00:00 DESKTOP-7F4TK0M wsl-pro-service[308]: #033[37mDEBUG#033[0m Updated systemd status to "Connecting"
2026-01-31T04:11:15.649038+00:00 DESKTOP-7F4TK0M wsl-pro-service[308]: #033[33mWARNING#033[0m Daemon: could not connect to Windows Agent: could not get address: could not read agent port file "/mnt/c/Users/Mustafa/.ubuntupro/.address": open /mnt/c/Users/Mustafa/.ubuntupro/.address: no such file or directory
2026-01-31T04:11:15.649760+00:00 DESKTOP-7F4TK0M wsl-pro-service[308]: #033[36mINFO#033[0m Reconnecting to Windows host in 60 seconds
2026-01-31T04:11:15.650027+00:00 DESKTOP-7F4TK0M wsl-pro-service[308]: #033[37mDEBUG#033[0m Updated systemd status to "Not connected: waiting to retry"
2026-01-31T04:27:03.400015+00:00 DESKTOP-7F4TK0M systemd[1]: Finished keyboard-setup.service - Set the console keyboard layout.
2026-01-31T04:27:03.400186+00:00 DESKTOP-7F4TK0M systemd[1]: Mounted sys-fs-fuse-connections.mount - FUSE Control File System.
2026-01-31T04:27:03.400199+00:00 DESKTOP-7F4TK0M systemd[1]: Mounted sys-kernel-config.mount - Kernel Configuration File System.
2026-01-31T04:27:03.400204+00:00 DESKTOP-7F4TK0M systemd-sysctl[84]: Couldn't write '1' to 'kernel/apparmor_restrict_unprivileged_userns', ignoring: No such file or directory
2026-01-31T04:27:03.400211+00:00 DESKTOP-7F4TK0M systemd[1]: Starting systemd-journal-flush.service - Flush Journal to Persistent Storage...
2026-01-31T04:27:03.400216+00:00 DESKTOP-7F4TK0M systemd[1]: Finished systemd-sysctl.service - Apply Kernel Variables.
2026-01-31T04:27:03.400243+00:00 DESKTOP-7F4TK0M systemd[1]: Finished systemd-tmpfiles-setup-dev-early.service - Create Static Device Nodes in /dev gracefully.
2026-01-31T04:27:03.400247+00:00 DESKTOP-7F4TK0M systemd[1]: systemd-sysusers.service - Create System Users was skipped because no trigger condition checks were met.
2026-01-31T04:27:03.400255+00:00 DESKTOP-7F4TK0M systemd[1]: Starting systemd-tmpfiles-setup-dev.service - Create Static Device Nodes in /dev...
2026-01-31T04:27:03.400259+00:00 DESKTOP-7F4TK0M systemd[1]: Finished systemd-tmpfiles-setup-dev.service - Create Static Device Nodes in /dev.
2026-01-31T04:27:03.400263+00:00 DESKTOP-7F4TK0M systemd[1]: Reached target local-fs-pre.target - Preparation for Local File Systems.
2026-01-31T04:27:03.400267+00:00 DESKTOP-7F4TK0M systemd[1]: Reached target local-fs.target - Local File Systems.
2026-01-31T04:27:03.400273+00:00 DESKTOP-7F4TK0M systemd[1]: Listening on systemd-sysext.socket - System Extension Image Management (Varlink).
2026-01-31T04:27:03.400281+00:00 DESKTOP-7F4TK0M systemd[1]: apparmor.service - Load AppArmor profiles was skipped because of an unmet condition check (ConditionSecurity=apparmor).
2026-01-31T04:27:03.400285+00:00 DESKTOP-7F4TK0M systemd[1]: Starting console-setup.service - Set console font and keymap...
2026-01-31T04:27:03.400289+00:00 DESKTOP-7F4TK0M systemd[1]: ldconfig.service - Rebuild Dynamic Linker Cache was skipped because no trigger condition checks were met.
2026-01-31T04:27:03.400293+00:00 DESKTOP-7F4TK0M systemd[1]: snapd.apparmor.service - Load AppArmor profiles managed internally by snapd was skipped because of an unmet condition check (ConditionSecurity=apparmor).
2026-01-31T04:27:03.400296+00:00 DESKTOP-7F4TK0M systemd[1]: systemd-binfmt.service - Set Up Additional Binary Formats was skipped because of an unmet condition check (ConditionVirtualization=!wsl).
2026-01-31T04:27:03.400303+00:00 DESKTOP-7F4TK0M systemd[1]: Starting systemd-udevd.service - Rule-based Manager for Device Events and Files...
2026-01-31T04:27:03.400307+00:00 DESKTOP-7F4TK0M systemd[1]: Finished console-setup.service - Set console font and keymap.
2026-01-31T04:27:03.400312+00:00 DESKTOP-7F4TK0M systemd[1]: Finished systemd-udev-trigger.service - Coldplug All udev Devices.
2026-01-31T04:27:03.400316+00:00 DESKTOP-7F4TK0M systemd-udevd[110]: Using default interface naming scheme 'v255'.
2026-01-31T04:27:03.400321+00:00 DESKTOP-7F4TK0M systemd[1]: Started systemd-udevd.service - Rule-based Manager for Device Events and Files.
2026-01-31T04:27:03.400326+00:00 DESKTOP-7F4TK0M systemd[1]: Finished systemd-journal-flush.service - Flush Journal to Persistent Storage.
2026-01-31T04:27:03.400333+00:00 DESKTOP-7F4TK0M (udev-worker)[116]: sdc: Process '/usr/bin/unshare -m /usr/bin/snap auto-import --mount=/dev/sdc' failed with exit code 1.
2026-01-31T04:27:03.400338+00:00 DESKTOP-7F4TK0M (udev-worker)[122]: sda: Process '/usr/bin/unshare -m /usr/bin/snap auto-import --mount=/dev/sda' failed with exit code 1.
2026-01-31T04:27:03.400344+00:00 DESKTOP-7F4TK0M (udev-worker)[130]: sde: Process '/usr/bin/unshare -m /usr/bin/snap auto-import --mount=/dev/sde' failed with exit code 1.
2026-01-31T04:27:03.400349+00:00 DESKTOP-7F4TK0M (udev-worker)[134]: sdd: Process '/usr/bin/unshare -m /usr/bin/snap auto-import --mount=/dev/sdd' failed with exit code 1.
2026-01-31T04:27:03.400354+00:00 DESKTOP-7F4TK0M (udev-worker)[129]: sdb: Process '/usr/bin/unshare -m /usr/bin/snap auto-import --mount=/dev/sdb' failed with exit code 1.
2026-01-31T04:27:03.400361+00:00 DESKTOP-7F4TK0M (udev-worker)[124]: sdf: Process '/usr/bin/unshare -m /usr/bin/snap auto-import --mount=/dev/sdf' failed with exit code 1.
2026-01-31T04:27:03.400366+00:00 DESKTOP-7F4TK0M systemd[1]: Starting systemd-tmpfiles-setup.service - Create Volatile Files and Directories...
2026-01-31T04:27:03.400374+00:00 DESKTOP-7F4TK0M systemd[1]: Finished systemd-tmpfiles-setup.service - Create Volatile Files and Directories.
2026-01-31T04:27:03.400378+00:00 DESKTOP-7F4TK0M systemd[1]: systemd-firstboot.service - First Boot Wizard was skipped because of an unmet condition check (ConditionFirstBoot=yes).
2026-01-31T04:27:03.400382+00:00 DESKTOP-7F4TK0M systemd[1]: first-boot-complete.target - First Boot Complete was skipped because of an unmet condition check (ConditionFirstBoot=yes).
2026-01-31T04:27:03.400390+00:00 DESKTOP-7F4TK0M systemd[1]: systemd-journal-catalog-update.service - Rebuild Journal Catalog was skipped because of an unmet condition check (ConditionNeedsUpdate=/var).
2026-01-31T04:27:03.400394+00:00 DESKTOP-7F4TK0M systemd[1]: systemd-machine-id-commit.service - Commit a transient machine-id on disk was skipped because of an unmet condition check (ConditionPathIsMountPoint=/etc/machine-id).
2026-01-31T04:27:03.400399+00:00 DESKTOP-7F4TK0M systemd[1]: Starting systemd-resolved.service - Network Name Resolution...
2026-01-31T04:27:03.400403+00:00 DESKTOP-7F4TK0M systemd[1]: Starting systemd-timesyncd.service - Network Time Synchronization...
2026-01-31T04:27:03.400407+00:00 DESKTOP-7F4TK0M systemd[1]: systemd-update-done.service - Update is Completed was skipped because no trigger condition checks were met.
2026-01-31T04:27:03.400411+00:00 DESKTOP-7F4TK0M systemd[1]: Starting systemd-update-utmp.service - Record System Boot/Shutdown in UTMP...
2026-01-31T04:27:03.400417+00:00 DESKTOP-7F4TK0M systemd[1]: wslg.service - WSLg Remount Service was skipped because of an unmet condition check (ConditionPathExists=!/tmp/.X11-unix/X0).
2026-01-31T04:27:03.400422+00:00 DESKTOP-7F4TK0M systemd[1]: Finished systemd-update-utmp.service - Record System Boot/Shutdown in UTMP.
2026-01-31T04:27:03.400427+00:00 DESKTOP-7F4TK0M systemd[1]: Started systemd-timesyncd.service - Network Time Synchronization.
2026-01-31T04:27:03.400432+00:00 DESKTOP-7F4TK0M systemd[1]: Reached target time-set.target - System Time Set.
2026-01-31T04:27:03.400436+00:00 DESKTOP-7F4TK0M systemd-resolved[172]: Positive Trust Anchors:
2026-01-31T04:27:03.400441+00:00 DESKTOP-7F4TK0M systemd-resolved[172]: . IN DS 20326 8 2 e06d44b80b8f1d39a95c0b0d7c65d08458e880409bbc683457104237c7f8ec8d
2026-01-31T04:27:03.400449+00:00 DESKTOP-7F4TK0M systemd-resolved[172]: Negative trust anchors: home.arpa 10.in-addr.arpa 16.172.in-addr.arpa 17.172.in-addr.arpa 18.172.in-addr.arpa 19.172.in-addr.arpa 20.172.in-addr.arpa 21.172.in-addr.arpa 22.172.in-addr.arpa 23.172.in-addr.arpa 24.172.in-addr.arpa 25.172.in-addr.arpa 26.172.in-addr.arpa 27.172.in-addr.arpa 28.172.in-addr.arpa 29.172.in-addr.arpa 30.172.in-addr.arpa 31.172.in-addr.arpa 170.0.0.192.in-addr.arpa 171.0.0.192.in-addr.arpa 168.192.in-addr.arpa d.f.ip6.arpa ipv4only.arpa corp home internal intranet lan local private test
2026-01-31T04:27:03.400454+00:00 DESKTOP-7F4TK0M systemd-timesyncd[173]: Contacted time server 185.125.190.57:123 (ntp.ubuntu.com).
2026-01-31T04:27:03.400458+00:00 DESKTOP-7F4TK0M systemd-timesyncd[173]: Initial clock synchronization to Sat 2026-01-31 04:27:02.984867 UTC.
2026-01-31T04:27:03.400463+00:00 DESKTOP-7F4TK0M systemd-resolved[172]: Using system hostname 'DESKTOP-7F4TK0M'.
2026-01-31T04:27:03.400467+00:00 DESKTOP-7F4TK0M systemd[1]: Started systemd-resolved.service - Network Name Resolution.
2026-01-31T04:27:03.400474+00:00 DESKTOP-7F4TK0M systemd[1]: Reached target nss-lookup.target - Host and Network Name Lookups.
2026-01-31T04:27:03.400478+00:00 DESKTOP-7F4TK0M systemd[1]: Reached target sysinit.target - System Initialization.
2026-01-31T04:27:03.400483+00:00 DESKTOP-7F4TK0M systemd[1]: apport-autoreport.path - Process error reports when automatic reporting is enabled (file watch) was skipped because of an unmet condition check (ConditionPathExists=/var/lib/apport/autoreport).
2026-01-31T04:27:03.400488+00:00 DESKTOP-7F4TK0M systemd[1]: apport-autoreport.timer - Process error reports when automatic reporting is enabled (timer based) was skipped because of an unmet condition check (ConditionPathExists=/var/lib/apport/autoreport).
2026-01-31T04:27:03.400494+00:00 DESKTOP-7F4TK0M systemd[1]: Started apt-daily.timer - Daily apt download activities.
2026-01-31T04:27:03.400501+00:00 DESKTOP-7F4TK0M systemd[1]: Started apt-daily-upgrade.timer - Daily apt upgrade and clean activities.
2026-01-31T04:27:03.400506+00:00 DESKTOP-7F4TK0M systemd[1]: Started dpkg-db-backup.timer - Daily dpkg database backup timer.
2026-01-31T04:27:03.400511+00:00 DESKTOP-7F4TK0M systemd[1]: Started e2scrub_all.timer - Periodic ext4 Online Metadata Check for All Filesystems.
2026-01-31T04:27:03.400515+00:00 DESKTOP-7F4TK0M systemd[1]: fstrim.timer - Discard unused filesystem blocks once a week was skipped because of an unmet condition check (ConditionVirtualization=!container).
2026-01-31T04:27:03.400520+00:00 DESKTOP-7F4TK0M systemd[1]: Started logrotate.timer - Daily rotation of log files.
2026-01-31T04:27:03.400525+00:00 DESKTOP-7F4TK0M systemd[1]: Started man-db.timer - Daily man-db regeneration.
2026-01-31T04:27:03.400535+00:00 DESKTOP-7F4TK0M systemd[1]: Started motd-news.timer - Message of the Day.
2026-01-31T04:27:03.400539+00:00 DESKTOP-7F4TK0M systemd[1]: snapd.snap-repair.timer - Timer to automatically fetch and run repair assertions was skipped because no trigger condition checks were met.
2026-01-31T04:27:03.400543+00:00 DESKTOP-7F4TK0M systemd[1]: Started systemd-tmpfiles-clean.timer - Daily Cleanup of Temporary Directories.
2026-01-31T04:27:03.400547+00:00 DESKTOP-7F4TK0M systemd[1]: ua-timer.timer - Ubuntu Pro Timer for running repeated jobs was skipped because of an unmet condition check (ConditionPathExists=/var/lib/ubuntu-advantage/private/machine-token.json).
2026-01-31T04:27:03.400552+00:00 DESKTOP-7F4TK0M systemd[1]: Reached target paths.target - Path Units.
2026-01-31T04:27:03.400559+00:00 DESKTOP-7F4TK0M systemd[1]: Reached target timers.target - Timer Units.
2026-01-31T04:27:03.400564+00:00 DESKTOP-7F4TK0M systemd[1]: Listening on apport-forward.socket - Unix socket for apport crash forwarding.
2026-01-31T04:27:03.400568+00:00 DESKTOP-7F4TK0M systemd[1]: Listening on dbus.socket - D-Bus System Message Bus Socket.
2026-01-31T04:27:03.400573+00:00 DESKTOP-7F4TK0M systemd[1]: Starting snapd.socket - Socket activation for snappy daemon...
2026-01-31T04:27:03.400577+00:00 DESKTOP-7F4TK0M systemd[1]: Listening on uuidd.socket - UUID daemon activation socket.
2026-01-31T04:27:03.400582+00:00 DESKTOP-7F4TK0M systemd[1]: systemd-pcrphase-sysinit.service - TPM2 PCR Barrier (Initialization) was skipped because of an unmet condition check (ConditionSecurity=measured-uki).
2026-01-31T04:27:03.400591+00:00 DESKTOP-7F4TK0M systemd[1]: Listening on snapd.socket - Socket activation for snappy daemon.
2026-01-31T04:27:03.400596+00:00 DESKTOP-7F4TK0M systemd[1]: Reached target sockets.target - Socket Units.
2026-01-31T04:27:03.400600+00:00 DESKTOP-7F4TK0M systemd[1]: Reached target basic.target - Basic System.
2026-01-31T04:27:03.400604+00:00 DESKTOP-7F4TK0M systemd[1]: apport.service - automatic crash report generation was skipped because of an unmet condition check (ConditionVirtualization=!container).
2026-01-31T04:27:03.400608+00:00 DESKTOP-7F4TK0M systemd[1]: Started cron.service - Regular background program processing daemon.
2026-01-31T04:27:03.400613+00:00 DESKTOP-7F4TK0M systemd[1]: Starting dbus.service - D-Bus System Message Bus...
2026-01-31T04:27:03.400622+00:00 DESKTOP-7F4TK0M systemd[1]: Started dmesg.service - Save initial kernel messages after boot.
2026-01-31T04:27:03.400627+00:00 DESKTOP-7F4TK0M (cron)[185]: cron.service: Referenced but unset environment variable evaluates to an empty string: EXTRA_OPTS
2026-01-31T04:27:03.400632+00:00 DESKTOP-7F4TK0M systemd[1]: Starting e2scrub_reap.service - Remove Stale Online ext4 Metadata Check Snapshots...
2026-01-31T04:27:03.400637+00:00 DESKTOP-7F4TK0M systemd[1]: getty-static.service - getty on tty2-tty6 if dbus and logind are not available was skipped because of an unmet condition check (ConditionPathExists=!/usr/bin/dbus-daemon).
2026-01-31T04:27:03.400642+00:00 DESKTOP-7F4TK0M cron[185]: (CRON) INFO (pidfile fd = 3)
2026-01-31T04:27:03.400646+00:00 DESKTOP-7F4TK0M systemd[1]: Starting landscape-client.service - Landscape client daemons...
2026-01-31T04:27:03.400656+00:00 DESKTOP-7F4TK0M cron[185]: (CRON) INFO (Running @reboot jobs)
2026-01-31T04:27:03.400661+00:00 DESKTOP-7F4TK0M systemd[1]: networkd-dispatcher.service - Dispatcher daemon for systemd-networkd was skipped because no trigger condition checks were met.
2026-01-31T04:27:03.400667+00:00 DESKTOP-7F4TK0M systemd[1]: Starting rsyslog.service - System Logging Service...
2026-01-31T04:27:03.400671+00:00 DESKTOP-7F4TK0M systemd[1]: snapd.core-fixup.service - Automatically repair incorrect owner/permissions on core devices was skipped because no trigger condition checks were met.
2026-01-31T04:27:03.400675+00:00 DESKTOP-7F4TK0M systemd[1]: snapd.recovery-chooser-trigger.service - Wait for the Ubuntu Core chooser trigger was skipped because of an unmet condition check (ConditionPathExistsGlob=/dev/input/event*).
2026-01-31T04:27:03.400679+00:00 DESKTOP-7F4TK0M systemd[1]: Reached target getty-pre.target - Preparation for Logins.
2026-01-31T04:27:03.400687+00:00 DESKTOP-7F4TK0M systemd[1]: Starting snapd.seeded.service - Wait until snapd is fully seeded...
2026-01-31T04:27:03.400691+00:00 DESKTOP-7F4TK0M systemd[1]: Starting snapd.service - Snap Daemon...
2026-01-31T04:27:03.400695+00:00 DESKTOP-7F4TK0M systemd[1]: Starting systemd-logind.service - User Login Management...
2026-01-31T04:27:03.400699+00:00 DESKTOP-7F4TK0M systemd[1]: systemd-pcrphase.service - TPM2 PCR Barrier (User) was skipped because of an unmet condition check (ConditionSecurity=measured-uki).
2026-01-31T04:27:03.400703+00:00 DESKTOP-7F4TK0M systemd[1]: Starting systemd-user-sessions.service - Permit User Sessions...
2026-01-31T04:27:03.400708+00:00 DESKTOP-7F4TK0M systemd[1]: ua-reboot-cmds.service - Ubuntu Pro reboot cmds was skipped because of an unmet condition check (ConditionPathExists=/var/lib/ubuntu-advantage/private/machine-token.json).
2026-01-31T04:27:03.400715+00:00 DESKTOP-7F4TK0M systemd[1]: ubuntu-advantage.service - Ubuntu Pro Background Auto Attach was skipped because no trigger condition checks were met.
2026-01-31T04:27:03.400719+00:00 DESKTOP-7F4TK0M systemd[1]: Starting wsl-pro.service - Bridge to Ubuntu Pro agent on Windows...
2026-01-31T04:27:03.400723+00:00 DESKTOP-7F4TK0M systemd[1]: Started dbus.service - D-Bus System Message Bus.
2026-01-31T04:27:03.400742+00:00 DESKTOP-7F4TK0M systemd[1]: Finished systemd-user-sessions.service - Permit User Sessions.
2026-01-31T04:27:03.400747+00:00 DESKTOP-7F4TK0M systemd[1]: Started console-getty.service - Console Getty.
2026-01-31T04:27:03.400754+00:00 DESKTOP-7F4TK0M systemd[1]: Starting setvtrgb.service - Set console scheme...
2026-01-31T04:27:03.400760+00:00 DESKTOP-7F4TK0M systemd[1]: Finished setvtrgb.service - Set console scheme.
2026-01-31T04:27:03.400765+00:00 DESKTOP-7F4TK0M systemd[1]: Created slice system-getty.slice - Slice /system/getty.
2026-01-31T04:27:03.400770+00:00 DESKTOP-7F4TK0M systemd[1]: Started getty@tty1.service - Getty on tty1.
2026-01-31T04:27:03.400769+00:00 DESKTOP-7F4TK0M kernel: Linux version 6.6.87.2-microsoft-standard-WSL2 (root@439a258ad544) (gcc (GCC) 11.2.0, GNU ld (GNU Binutils) 2.37) #1 SMP PREEMPT_DYNAMIC Thu Jun  5 18:30:46 UTC 2025
2026-01-31T04:27:03.400774+00:00 DESKTOP-7F4TK0M systemd[1]: Reached target getty.target - Login Prompts.
2026-01-31T04:27:03.400778+00:00 DESKTOP-7F4TK0M kernel: Command line: initrd=\initrd.img WSL_ROOT_INIT=1 panic=-1 nr_cpus=8 hv_utils.timesync_implicit=1 console=hvc0 debug pty.legacy_count=0 WSL_ENABLE_CRASH_DUMP=1
2026-01-31T04:27:03.400779+00:00 DESKTOP-7F4TK0M kernel: KERNEL supported cpus:
2026-01-31T04:27:03.400778+00:00 DESKTOP-7F4TK0M systemd[1]: e2scrub_reap.service: Deactivated successfully.
2026-01-31T04:27:03.400780+00:00 DESKTOP-7F4TK0M kernel:   Intel GenuineIntel
2026-01-31T04:27:03.400783+00:00 DESKTOP-7F4TK0M kernel:   AMD AuthenticAMD
2026-01-31T04:27:03.400784+00:00 DESKTOP-7F4TK0M kernel: BIOS-provided physical RAM map:
2026-01-31T04:27:03.400784+00:00 DESKTOP-7F4TK0M kernel: BIOS-e820: [mem 0x0000000000000000-0x000000000009ffff] usable
2026-01-31T04:27:03.400787+00:00 DESKTOP-7F4TK0M kernel: BIOS-e820: [mem 0x00000000000e0000-0x00000000000e0fff] reserved
2026-01-31T04:27:03.400787+00:00 DESKTOP-7F4TK0M kernel: BIOS-e820: [mem 0x0000000000100000-0x00000000001fffff] ACPI data
2026-01-31T04:27:03.400788+00:00 DESKTOP-7F4TK0M kernel: BIOS-e820: [mem 0x0000000000200000-0x00000000f79fffff] usable
2026-01-31T04:27:03.400788+00:00 DESKTOP-7F4TK0M kernel: NX (Execute Disable) protection: active
2026-01-31T04:27:03.400789+00:00 DESKTOP-7F4TK0M kernel: APIC: Static calls initialized
2026-01-31T04:27:03.400790+00:00 DESKTOP-7F4TK0M kernel: DMI not present or invalid.
2026-01-31T04:27:03.400790+00:00 DESKTOP-7F4TK0M kernel: Hypervisor detected: Microsoft Hyper-V
2026-01-31T04:27:03.400784+00:00 DESKTOP-7F4TK0M systemd[1]: Finished e2scrub_reap.service - Remove Stale Online ext4 Metadata Check Snapshots.
2026-01-31T04:27:03.400799+00:00 DESKTOP-7F4TK0M systemd[1]: Started systemd-logind.service - User Login Management.
2026-01-31T04:27:03.400806+00:00 DESKTOP-7F4TK0M systemd[1]: Started unattended-upgrades.service - Unattended Upgrades Shutdown.
2026-01-31T04:27:03.401965+00:00 DESKTOP-7F4TK0M kernel: Hyper-V: privilege flags low 0xae7f, high 0x3b8030, hints 0x9a4e24, misc 0xe4bed7b6
2026-01-31T04:27:03.401978+00:00 DESKTOP-7F4TK0M kernel: Hyper-V: Nested features: 0x3e0101
2026-01-31T04:27:03.401979+00:00 DESKTOP-7F4TK0M kernel: Hyper-V: LAPIC Timer Frequency: 0xc3500
2026-01-31T04:27:03.401980+00:00 DESKTOP-7F4TK0M kernel: Hyper-V: Using hypercall for remote TLB flush
2026-01-31T04:27:03.401981+00:00 DESKTOP-7F4TK0M kernel: clocksource: hyperv_clocksource_tsc_page: mask: 0xffffffffffffffff max_cycles: 0x24e6a1710, max_idle_ns: 440795202120 ns
2026-01-31T04:27:03.401981+00:00 DESKTOP-7F4TK0M kernel: clocksource: hyperv_clocksource_msr: mask: 0xffffffffffffffff max_cycles: 0x24e6a1710, max_idle_ns: 440795202120 ns
2026-01-31T04:27:03.401991+00:00 DESKTOP-7F4TK0M kernel: tsc: Detected 2419.201 MHz processor
2026-01-31T04:27:03.401992+00:00 DESKTOP-7F4TK0M kernel: e820: update [mem 0x00000000-0x00000fff] usable ==> reserved
2026-01-31T04:27:03.401993+00:00 DESKTOP-7F4TK0M kernel: e820: remove [mem 0x000a0000-0x000fffff] usable
2026-01-31T04:27:03.401993+00:00 DESKTOP-7F4TK0M kernel: last_pfn = 0xf7a00 max_arch_pfn = 0x400000000
2026-01-31T04:27:03.401994+00:00 DESKTOP-7F4TK0M kernel: MTRR map: 5 entries (4 fixed + 1 variable; max 20), built from 8 variable MTRRs
2026-01-31T04:27:03.401994+00:00 DESKTOP-7F4TK0M kernel: x86/PAT: Configuration [0-7]: WB  WC  UC- UC  WB  WP  UC- WT  
2026-01-31T04:27:03.401997+00:00 DESKTOP-7F4TK0M kernel: Using GB pages for direct mapping
2026-01-31T04:27:03.401998+00:00 DESKTOP-7F4TK0M kernel: RAMDISK: [mem 0x04be4000-0x04e7ffff]
2026-01-31T04:27:03.401999+00:00 DESKTOP-7F4TK0M kernel: ACPI: Early table checksum verification disabled
2026-01-31T04:27:03.401999+00:00 DESKTOP-7F4TK0M kernel: ACPI: RSDP 0x00000000000E0000 000024 (v02 VRTUAL)
2026-01-31T04:27:03.402000+00:00 DESKTOP-7F4TK0M kernel: ACPI: XSDT 0x0000000000100000 000044 (v01 VRTUAL MICROSFT 00000001 MSFT 00000001)
2026-01-31T04:27:03.402001+00:00 DESKTOP-7F4TK0M kernel: ACPI: FACP 0x0000000000101000 000114 (v06 VRTUAL MICROSFT 00000001 MSFT 00000001)
2026-01-31T04:27:03.402004+00:00 DESKTOP-7F4TK0M kernel: ACPI: DSDT 0x00000000001011B8 01E11C (v02 MSFTVM DSDT01   00000001 INTL 20230628)
2026-01-31T04:27:03.402005+00:00 DESKTOP-7F4TK0M kernel: ACPI: FACS 0x0000000000101114 000040
2026-01-31T04:27:03.402005+00:00 DESKTOP-7F4TK0M kernel: ACPI: OEM0 0x0000000000101154 000064 (v01 VRTUAL MICROSFT 00000001 MSFT 00000001)
2026-01-31T04:27:03.402006+00:00 DESKTOP-7F4TK0M kernel: ACPI: SRAT 0x000000000011F2D4 000330 (v02 VRTUAL MICROSFT 00000001 MSFT 00000001)
2026-01-31T04:27:03.402007+00:00 DESKTOP-7F4TK0M kernel: ACPI: APIC 0x000000000011F604 000088 (v04 VRTUAL MICROSFT 00000001 MSFT 00000001)
2026-01-31T04:27:03.402007+00:00 DESKTOP-7F4TK0M kernel: ACPI: Reserving FACP table memory at [mem 0x101000-0x101113]
2026-01-31T04:27:03.402008+00:00 DESKTOP-7F4TK0M kernel: ACPI: Reserving DSDT table memory at [mem 0x1011b8-0x11f2d3]
2026-01-31T04:27:03.402011+00:00 DESKTOP-7F4TK0M kernel: ACPI: Reserving FACS table memory at [mem 0x101114-0x101153]
2026-01-31T04:27:03.402012+00:00 DESKTOP-7F4TK0M kernel: ACPI: Reserving OEM0 table memory at [mem 0x101154-0x1011b7]
2026-01-31T04:27:03.402013+00:00 DESKTOP-7F4TK0M kernel: ACPI: Reserving SRAT table memory at [mem 0x11f2d4-0x11f603]
2026-01-31T04:27:03.402013+00:00 DESKTOP-7F4TK0M kernel: ACPI: Reserving APIC table memory at [mem 0x11f604-0x11f68b]
2026-01-31T04:27:03.402014+00:00 DESKTOP-7F4TK0M kernel: SRAT: PXM 0 -> APIC 0x00 -> Node 0
2026-01-31T04:27:03.402014+00:00 DESKTOP-7F4TK0M kernel: SRAT: PXM 0 -> APIC 0x01 -> Node 0
2026-01-31T04:27:03.402018+00:00 DESKTOP-7F4TK0M kernel: SRAT: PXM 0 -> APIC 0x02 -> Node 0
2026-01-31T04:27:03.402019+00:00 DESKTOP-7F4TK0M kernel: SRAT: PXM 0 -> APIC 0x03 -> Node 0
2026-01-31T04:27:03.402020+00:00 DESKTOP-7F4TK0M kernel: SRAT: PXM 0 -> APIC 0x04 -> Node 0
2026-01-31T04:27:03.402021+00:00 DESKTOP-7F4TK0M kernel: SRAT: PXM 0 -> APIC 0x05 -> Node 0
2026-01-31T04:27:03.402021+00:00 DESKTOP-7F4TK0M kernel: SRAT: PXM 0 -> APIC 0x06 -> Node 0
2026-01-31T04:27:03.402022+00:00 DESKTOP-7F4TK0M kernel: SRAT: PXM 0 -> APIC 0x07 -> Node 0
2026-01-31T04:27:03.402023+00:00 DESKTOP-7F4TK0M kernel: ACPI: SRAT: Node 0 PXM 0 [mem 0x00000000-0xf79fffff] hotplug
2026-01-31T04:27:03.402025+00:00 DESKTOP-7F4TK0M kernel: ACPI: SRAT: Node 0 PXM 0 [mem 0xf7a00000-0xf7ffffff] hotplug
2026-01-31T04:27:03.402026+00:00 DESKTOP-7F4TK0M kernel: ACPI: SRAT: Node 0 PXM 0 [mem 0x100000000-0x9ffdfffff] hotplug
2026-01-31T04:27:03.402027+00:00 DESKTOP-7F4TK0M kernel: ACPI: SRAT: Node 0 PXM 0 [mem 0x1000000000-0xffffffffff] hotplug
2026-01-31T04:27:03.402027+00:00 DESKTOP-7F4TK0M kernel: ACPI: SRAT: Node 0 PXM 0 [mem 0x10000000000-0x1ffffffffff] hotplug
2026-01-31T04:27:03.402028+00:00 DESKTOP-7F4TK0M kernel: ACPI: SRAT: Node 0 PXM 0 [mem 0x20000000000-0x3ffffffffff] hotplug
2026-01-31T04:27:03.402029+00:00 DESKTOP-7F4TK0M kernel: ACPI: SRAT: Node 0 PXM 0 [mem 0x40000000000-0x7ffffffffff] hotplug
2026-01-31T04:27:03.402032+00:00 DESKTOP-7F4TK0M kernel: ACPI: SRAT: Node 0 PXM 0 [mem 0x80000000000-0xfffffffffff] hotplug
2026-01-31T04:27:03.402032+00:00 DESKTOP-7F4TK0M kernel: ACPI: SRAT: Node 0 PXM 0 [mem 0x100000000000-0x1fffffffffff] hotplug
2026-01-31T04:27:03.402033+00:00 DESKTOP-7F4TK0M kernel: ACPI: SRAT: Node 0 PXM 0 [mem 0x200000000000-0x3fffffffffff] hotplug
2026-01-31T04:27:03.402034+00:00 DESKTOP-7F4TK0M kernel: ACPI: SRAT: Node 0 PXM 0 [mem 0x400000000000-0x7fffffffffff] hotplug
2026-01-31T04:27:03.402034+00:00 DESKTOP-7F4TK0M kernel: ACPI: SRAT: Node 0 PXM 0 [mem 0x800000000000-0xffffffffffff] hotplug
2026-01-31T04:27:03.402035+00:00 DESKTOP-7F4TK0M kernel: ACPI: SRAT: Node 0 PXM 0 [mem 0x1000000000000-0x1ffffffffffff] hotplug
2026-01-31T04:27:03.402038+00:00 DESKTOP-7F4TK0M kernel: ACPI: SRAT: Node 0 PXM 0 [mem 0x2000000000000-0x3ffffffffffff] hotplug
2026-01-31T04:27:03.402039+00:00 DESKTOP-7F4TK0M kernel: ACPI: SRAT: Node 0 PXM 0 [mem 0x4000000000000-0x7ffffffffffff] hotplug
2026-01-31T04:27:03.402039+00:00 DESKTOP-7F4TK0M kernel: ACPI: SRAT: Node 0 PXM 0 [mem 0x8000000000000-0xfffffffffffff] hotplug
2026-01-31T04:27:03.402040+00:00 DESKTOP-7F4TK0M kernel: NODE_DATA(0) allocated [mem 0xf79de000-0xf79fffff]
2026-01-31T04:27:03.402041+00:00 DESKTOP-7F4TK0M kernel: Zone ranges:
2026-01-31T04:27:03.402041+00:00 DESKTOP-7F4TK0M kernel:   DMA32    [mem 0x0000000000001000-0x00000000f79fffff]
2026-01-31T04:27:03.402042+00:00 DESKTOP-7F4TK0M kernel:   Normal   empty
2026-01-31T04:27:03.402246+00:00 DESKTOP-7F4TK0M kernel:   Device   empty
2026-01-31T04:27:03.402287+00:00 DESKTOP-7F4TK0M kernel: Movable zone start for each node
2026-01-31T04:27:03.402289+00:00 DESKTOP-7F4TK0M kernel: Early memory node ranges
2026-01-31T04:27:03.402290+00:00 DESKTOP-7F4TK0M kernel:   node   0: [mem 0x0000000000001000-0x000000000009ffff]
2026-01-31T04:27:03.402291+00:00 DESKTOP-7F4TK0M kernel:   node   0: [mem 0x0000000000200000-0x00000000f79fffff]
2026-01-31T04:27:03.402292+00:00 DESKTOP-7F4TK0M kernel: Initmem setup node 0 [mem 0x0000000000001000-0x00000000f79fffff]
2026-01-31T04:27:03.402300+00:00 DESKTOP-7F4TK0M kernel: On node 0, zone DMA32: 1 pages in unavailable ranges
2026-01-31T04:27:03.402300+00:00 DESKTOP-7F4TK0M kernel: On node 0, zone DMA32: 352 pages in unavailable ranges
2026-01-31T04:27:03.402301+00:00 DESKTOP-7F4TK0M kernel: On node 0, zone DMA32: 1536 pages in unavailable ranges
2026-01-31T04:27:03.402301+00:00 DESKTOP-7F4TK0M kernel: ACPI: PM-Timer IO Port: 0x408
2026-01-31T04:27:03.402302+00:00 DESKTOP-7F4TK0M kernel: ACPI: LAPIC_NMI (acpi_id[0x01] dfl dfl lint[0x1])
2026-01-31T04:27:03.402303+00:00 DESKTOP-7F4TK0M kernel: IOAPIC[0]: apic_id 8, version 17, address 0xfec00000, GSI 0-23
2026-01-31T04:27:03.402303+00:00 DESKTOP-7F4TK0M kernel: ACPI: INT_SRC_OVR (bus 0 bus_irq 9 global_irq 9 high level)
2026-01-31T04:27:03.402552+00:00 DESKTOP-7F4TK0M kernel: ACPI: Using ACPI (MADT) for SMP configuration information
2026-01-31T04:27:03.402557+00:00 DESKTOP-7F4TK0M kernel: TSC deadline timer available
2026-01-31T04:27:03.402558+00:00 DESKTOP-7F4TK0M kernel: smpboot: Allowing 8 CPUs, 0 hotplug CPUs
2026-01-31T04:27:03.402559+00:00 DESKTOP-7F4TK0M kernel: PM: hibernation: Registered nosave memory: [mem 0x00000000-0x00000fff]
2026-01-31T04:27:03.402561+00:00 DESKTOP-7F4TK0M kernel: PM: hibernation: Registered nosave memory: [mem 0x000a0000-0x000dffff]
2026-01-31T04:27:03.402561+00:00 DESKTOP-7F4TK0M kernel: PM: hibernation: Registered nosave memory: [mem 0x000e0000-0x000e0fff]
2026-01-31T04:27:03.402565+00:00 DESKTOP-7F4TK0M kernel: PM: hibernation: Registered nosave memory: [mem 0x000e1000-0x000fffff]
2026-01-31T04:27:03.402566+00:00 DESKTOP-7F4TK0M kernel: PM: hibernation: Registered nosave memory: [mem 0x00100000-0x001fffff]
2026-01-31T04:27:03.402566+00:00 DESKTOP-7F4TK0M kernel: [mem 0xf7a00000-0xffffffff] available for PCI devices
2026-01-31T04:27:03.402567+00:00 DESKTOP-7F4TK0M kernel: Booting paravirtualized kernel on Hyper-V
2026-01-31T04:27:03.402567+00:00 DESKTOP-7F4TK0M kernel: clocksource: refined-jiffies: mask: 0xffffffff max_cycles: 0xffffffff, max_idle_ns: 7645519600211568 ns
2026-01-31T04:27:03.402568+00:00 DESKTOP-7F4TK0M kernel: setup_percpu: NR_CPUS:8192 nr_cpumask_bits:8 nr_cpu_ids:8 nr_node_ids:1
2026-01-31T04:27:03.402570+00:00 DESKTOP-7F4TK0M kernel: percpu: Embedded 63 pages/cpu s221184 r8192 d28672 u262144
2026-01-31T04:27:03.402571+00:00 DESKTOP-7F4TK0M kernel: pcpu-alloc: s221184 r8192 d28672 u262144 alloc=1*2097152
2026-01-31T04:27:03.402572+00:00 DESKTOP-7F4TK0M kernel: pcpu-alloc: [0] 0 1 2 3 4 5 6 7 
2026-01-31T04:27:03.402572+00:00 DESKTOP-7F4TK0M kernel: Hyper-V: PV spinlocks enabled
2026-01-31T04:27:03.402573+00:00 DESKTOP-7F4TK0M kernel: PV qspinlock hash table entries: 256 (order: 0, 4096 bytes, linear)
2026-01-31T04:27:03.402573+00:00 DESKTOP-7F4TK0M kernel: Kernel command line: initrd=\initrd.img WSL_ROOT_INIT=1 panic=-1 nr_cpus=8 hv_utils.timesync_implicit=1 console=hvc0 debug pty.legacy_count=0 WSL_ENABLE_CRASH_DUMP=1
2026-01-31T04:27:03.402576+00:00 DESKTOP-7F4TK0M kernel: Unknown kernel command line parameters "WSL_ROOT_INIT=1 WSL_ENABLE_CRASH_DUMP=1", will be passed to user space.
2026-01-31T04:27:03.402577+00:00 DESKTOP-7F4TK0M kernel: random: crng init done
2026-01-31T04:27:03.402577+00:00 DESKTOP-7F4TK0M kernel: Dentry cache hash table entries: 524288 (order: 10, 4194304 bytes, linear)
2026-01-31T04:27:03.402601+00:00 DESKTOP-7F4TK0M rsyslogd: imuxsock: Acquired UNIX socket '/run/systemd/journal/syslog' (fd 3) from systemd.  [v8.2312.0]
2026-01-31T04:27:03.402722+00:00 DESKTOP-7F4TK0M kernel: Inode-cache hash table entries: 262144 (order: 9, 2097152 bytes, linear)
2026-01-31T04:27:03.402727+00:00 DESKTOP-7F4TK0M kernel: Fallback order for Node 0: 0 
2026-01-31T04:27:03.402728+00:00 DESKTOP-7F4TK0M kernel: Built 1 zonelists, mobility grouping on.  Total pages: 997912
2026-01-31T04:27:03.402733+00:00 DESKTOP-7F4TK0M kernel: Policy zone: DMA32
2026-01-31T04:27:03.402734+00:00 DESKTOP-7F4TK0M kernel: mem auto-init: stack:off, heap alloc:on, heap free:off
2026-01-31T04:27:03.402735+00:00 DESKTOP-7F4TK0M kernel: software IO TLB: area num 8.
2026-01-31T04:27:03.402736+00:00 DESKTOP-7F4TK0M kernel: Memory: 257164K/4055676K available (20480K kernel code, 3457K rwdata, 13496K rodata, 4492K init, 6208K bss, 190708K reserved, 0K cma-reserved)
2026-01-31T04:27:03.402736+00:00 DESKTOP-7F4TK0M kernel: SLUB: HWalign=64, Order=0-3, MinObjects=0, CPUs=8, Nodes=1
2026-01-31T04:27:03.402737+00:00 DESKTOP-7F4TK0M kernel: ftrace: allocating 55808 entries in 218 pages
2026-01-31T04:27:03.402737+00:00 DESKTOP-7F4TK0M kernel: ftrace: allocated 218 pages with 5 groups
2026-01-31T04:27:03.402743+00:00 DESKTOP-7F4TK0M kernel: Dynamic Preempt: none
2026-01-31T04:27:03.402743+00:00 DESKTOP-7F4TK0M kernel: rcu: Preemptible hierarchical RCU implementation.
2026-01-31T04:27:03.402744+00:00 DESKTOP-7F4TK0M kernel: rcu: 	RCU restricting CPUs from NR_CPUS=8192 to nr_cpu_ids=8.
2026-01-31T04:27:03.402744+00:00 DESKTOP-7F4TK0M kernel: 	Trampoline variant of Tasks RCU enabled.
2026-01-31T04:27:03.402745+00:00 DESKTOP-7F4TK0M kernel: 	Rude variant of Tasks RCU enabled.
2026-01-31T04:27:03.402746+00:00 DESKTOP-7F4TK0M kernel: 	Tracing variant of Tasks RCU enabled.
2026-01-31T04:27:03.402748+00:00 DESKTOP-7F4TK0M kernel: rcu: RCU calculated value of scheduler-enlistment delay is 25 jiffies.
2026-01-31T04:27:03.402749+00:00 DESKTOP-7F4TK0M kernel: rcu: Adjusting geometry for rcu_fanout_leaf=16, nr_cpu_ids=8
2026-01-31T04:27:03.402749+00:00 DESKTOP-7F4TK0M kernel: Using NULL legacy PIC
2026-01-31T04:27:03.402750+00:00 DESKTOP-7F4TK0M kernel: NR_IRQS: 524544, nr_irqs: 488, preallocated irqs: 0
2026-01-31T04:27:03.402750+00:00 DESKTOP-7F4TK0M kernel: rcu: srcu_init: Setting srcu_struct sizes based on contention.
2026-01-31T04:27:03.402751+00:00 DESKTOP-7F4TK0M kernel: Console: colour dummy device 80x25
2026-01-31T04:27:03.402753+00:00 DESKTOP-7F4TK0M kernel: ACPI: Core revision 20230628
2026-01-31T04:27:03.402754+00:00 DESKTOP-7F4TK0M kernel: Failed to register legacy timer interrupt
2026-01-31T04:27:03.402754+00:00 DESKTOP-7F4TK0M kernel: APIC: Switch to symmetric I/O mode setup
2026-01-31T04:27:03.402755+00:00 DESKTOP-7F4TK0M kernel: x2apic enabled
2026-01-31T04:27:03.402755+00:00 DESKTOP-7F4TK0M kernel: APIC: Switched APIC routing to: physical x2apic
2026-01-31T04:27:03.402756+00:00 DESKTOP-7F4TK0M kernel: Hyper-V: Host Build 10.0.26100.7627-7-0
2026-01-31T04:27:03.402757+00:00 DESKTOP-7F4TK0M kernel: Hyper-V: enabling crash_kexec_post_notifiers
2026-01-31T04:27:03.402760+00:00 DESKTOP-7F4TK0M kernel: Hyper-V: Disabling IBT because of Hyper-V bug
2026-01-31T04:27:03.402761+00:00 DESKTOP-7F4TK0M kernel: Hyper-V: Using IPI hypercalls
2026-01-31T04:27:03.402761+00:00 DESKTOP-7F4TK0M kernel: APIC: send_IPI() replaced with hv_send_ipi()
2026-01-31T04:27:03.402762+00:00 DESKTOP-7F4TK0M kernel: APIC: send_IPI_mask() replaced with hv_send_ipi_mask()
2026-01-31T04:27:03.402762+00:00 DESKTOP-7F4TK0M kernel: APIC: send_IPI_mask_allbutself() replaced with hv_send_ipi_mask_allbutself()
2026-01-31T04:27:03.402763+00:00 DESKTOP-7F4TK0M kernel: APIC: send_IPI_allbutself() replaced with hv_send_ipi_allbutself()
2026-01-31T04:27:03.402765+00:00 DESKTOP-7F4TK0M kernel: APIC: send_IPI_all() replaced with hv_send_ipi_all()
2026-01-31T04:27:03.402766+00:00 DESKTOP-7F4TK0M kernel: APIC: send_IPI_self() replaced with hv_send_ipi_self()
2026-01-31T04:27:03.402767+00:00 DESKTOP-7F4TK0M kernel: clocksource: tsc-early: mask: 0xffffffffffffffff max_cycles: 0x22df11e194f, max_idle_ns: 440795284480 ns
2026-01-31T04:27:03.402767+00:00 DESKTOP-7F4TK0M kernel: Calibrating delay loop (skipped), value calculated using timer frequency.. 4838.40 BogoMIPS (lpj=9676804)
2026-01-31T04:27:03.402768+00:00 DESKTOP-7F4TK0M kernel: x86/cpu: User Mode Instruction Prevention (UMIP) activated
2026-01-31T04:27:03.402768+00:00 DESKTOP-7F4TK0M kernel: Last level iTLB entries: 4KB 0, 2MB 0, 4MB 0
2026-01-31T04:27:03.402771+00:00 DESKTOP-7F4TK0M kernel: Last level dTLB entries: 4KB 0, 2MB 0, 4MB 0, 1GB 0
2026-01-31T04:27:03.402772+00:00 DESKTOP-7F4TK0M kernel: Spectre V1 : Mitigation: usercopy/swapgs barriers and __user pointer sanitization
2026-01-31T04:27:03.402772+00:00 DESKTOP-7F4TK0M kernel: Spectre V2 : Spectre BHI mitigation: SW BHB clearing on vm exit
2026-01-31T04:27:03.402773+00:00 DESKTOP-7F4TK0M kernel: Spectre V2 : Spectre BHI mitigation: SW BHB clearing on syscall
2026-01-31T04:27:03.402773+00:00 DESKTOP-7F4TK0M kernel: Spectre V2 : Mitigation: Enhanced / Automatic IBRS
2026-01-31T04:27:03.402774+00:00 DESKTOP-7F4TK0M kernel: Spectre V2 : Spectre v2 / SpectreRSB mitigation: Filling RSB on context switch
2026-01-31T04:27:03.402774+00:00 DESKTOP-7F4TK0M kernel: Spectre V2 : Spectre v2 / PBRSB-eIBRS: Retire a single CALL on VMEXIT
2026-01-31T04:27:03.402777+00:00 DESKTOP-7F4TK0M kernel: RETBleed: Mitigation: Enhanced IBRS
2026-01-31T04:27:03.402778+00:00 DESKTOP-7F4TK0M kernel: Spectre V2 : mitigation: Enabling conditional Indirect Branch Prediction Barrier
2026-01-31T04:27:03.402778+00:00 DESKTOP-7F4TK0M kernel: Speculative Store Bypass: Mitigation: Speculative Store Bypass disabled via prctl
2026-01-31T04:27:03.402779+00:00 DESKTOP-7F4TK0M kernel: x86/fpu: Supporting XSAVE feature 0x001: 'x87 floating point registers'
2026-01-31T04:27:03.402779+00:00 DESKTOP-7F4TK0M kernel: x86/fpu: Supporting XSAVE feature 0x002: 'SSE registers'
2026-01-31T04:27:03.402780+00:00 DESKTOP-7F4TK0M kernel: x86/fpu: Supporting XSAVE feature 0x004: 'AVX registers'
2026-01-31T04:27:03.402784+00:00 DESKTOP-7F4TK0M kernel: x86/fpu: Supporting XSAVE feature 0x020: 'AVX-512 opmask'
2026-01-31T04:27:03.402785+00:00 DESKTOP-7F4TK0M kernel: x86/fpu: Supporting XSAVE feature 0x040: 'AVX-512 Hi256'
2026-01-31T04:27:03.402785+00:00 DESKTOP-7F4TK0M kernel: x86/fpu: Supporting XSAVE feature 0x080: 'AVX-512 ZMM_Hi256'
2026-01-31T04:27:03.402786+00:00 DESKTOP-7F4TK0M kernel: x86/fpu: Supporting XSAVE feature 0x800: 'Control-flow User registers'
2026-01-31T04:27:03.402786+00:00 DESKTOP-7F4TK0M kernel: x86/fpu: xstate_offset[2]:  576, xstate_sizes[2]:  256
2026-01-31T04:27:03.402787+00:00 DESKTOP-7F4TK0M kernel: x86/fpu: xstate_offset[5]:  832, xstate_sizes[5]:   64
2026-01-31T04:27:03.402789+00:00 DESKTOP-7F4TK0M kernel: x86/fpu: xstate_offset[6]:  896, xstate_sizes[6]:  512
2026-01-31T04:27:03.402790+00:00 DESKTOP-7F4TK0M kernel: x86/fpu: xstate_offset[7]: 1408, xstate_sizes[7]: 1024
2026-01-31T04:27:03.402790+00:00 DESKTOP-7F4TK0M kernel: x86/fpu: xstate_offset[11]: 2432, xstate_sizes[11]:   16
2026-01-31T04:27:03.402791+00:00 DESKTOP-7F4TK0M kernel: x86/fpu: Enabled xstate features 0x8e7, context size is 2448 bytes, using 'compacted' format.
2026-01-31T04:27:03.402792+00:00 DESKTOP-7F4TK0M kernel: Freeing SMP alternatives memory: 44K
2026-01-31T04:27:03.402792+00:00 DESKTOP-7F4TK0M kernel: pid_max: default: 32768 minimum: 301
2026-01-31T04:27:03.402793+00:00 DESKTOP-7F4TK0M kernel: LSM: initializing lsm=capability,landlock,yama,safesetid,selinux,integrity
2026-01-31T04:27:03.402795+00:00 DESKTOP-7F4TK0M kernel: landlock: Up and running.
2026-01-31T04:27:03.402796+00:00 DESKTOP-7F4TK0M kernel: Yama: becoming mindful.
2026-01-31T04:27:03.402797+00:00 DESKTOP-7F4TK0M kernel: SELinux:  Initializing.
2026-01-31T04:27:03.402797+00:00 DESKTOP-7F4TK0M kernel: Mount-cache hash table entries: 8192 (order: 4, 65536 bytes, linear)
2026-01-31T04:27:03.402798+00:00 DESKTOP-7F4TK0M kernel: Mountpoint-cache hash table entries: 8192 (order: 4, 65536 bytes, linear)
2026-01-31T04:27:03.402799+00:00 DESKTOP-7F4TK0M kernel: smpboot: CPU0: 11th Gen Intel(R) Core(TM) i5-1135G7 @ 2.40GHz (family: 0x6, model: 0x8c, stepping: 0x1)
2026-01-31T04:27:03.402802+00:00 DESKTOP-7F4TK0M kernel: RCU Tasks: Setting shift to 3 and lim to 1 rcu_task_cb_adjust=1 rcu_task_cpu_ids=8.
2026-01-31T04:27:03.402802+00:00 DESKTOP-7F4TK0M kernel: RCU Tasks Rude: Setting shift to 3 and lim to 1 rcu_task_cb_adjust=1 rcu_task_cpu_ids=8.
2026-01-31T04:27:03.402803+00:00 DESKTOP-7F4TK0M kernel: RCU Tasks Trace: Setting shift to 3 and lim to 1 rcu_task_cb_adjust=1 rcu_task_cpu_ids=8.
2026-01-31T04:27:03.402803+00:00 DESKTOP-7F4TK0M kernel: Performance Events:  AnyThread deprecated, Icelake events, 32-deep LBR, full-width counters, Intel PMU driver.
2026-01-31T04:27:03.402804+00:00 DESKTOP-7F4TK0M kernel: ... version:                5
2026-01-31T04:27:03.402805+00:00 DESKTOP-7F4TK0M kernel: ... bit width:              48
2026-01-31T04:27:03.402807+00:00 DESKTOP-7F4TK0M kernel: ... generic registers:      8
2026-01-31T04:27:03.402808+00:00 DESKTOP-7F4TK0M kernel: ... value mask:             0000ffffffffffff
2026-01-31T04:27:03.402809+00:00 DESKTOP-7F4TK0M kernel: ... max period:             00007fffffffffff
2026-01-31T04:27:03.402809+00:00 DESKTOP-7F4TK0M kernel: ... fixed-purpose events:   4
2026-01-31T04:27:03.402810+00:00 DESKTOP-7F4TK0M kernel: ... event mask:             0001000f000000ff
2026-01-31T04:27:03.402811+00:00 DESKTOP-7F4TK0M kernel: signal: max sigframe size: 3632
2026-01-31T04:27:03.402811+00:00 DESKTOP-7F4TK0M kernel: rcu: Hierarchical SRCU implementation.
2026-01-31T04:27:03.402814+00:00 DESKTOP-7F4TK0M kernel: rcu: 	Max phase no-delay instances is 1000.
2026-01-31T04:27:03.402814+00:00 DESKTOP-7F4TK0M kernel: smp: Bringing up secondary CPUs ...
2026-01-31T04:27:03.402815+00:00 DESKTOP-7F4TK0M kernel: smpboot: x86: Booting SMP configuration:
2026-01-31T04:27:03.402816+00:00 DESKTOP-7F4TK0M kernel: .... node  #0, CPUs:      #2 #4 #6 #1 #3 #5 #7
2026-01-31T04:27:03.402816+00:00 DESKTOP-7F4TK0M kernel: smp: Brought up 1 node, 8 CPUs
2026-01-31T04:27:03.402817+00:00 DESKTOP-7F4TK0M kernel: smpboot: Max logical packages: 1
2026-01-31T04:27:03.402820+00:00 DESKTOP-7F4TK0M kernel: smpboot: Total of 8 processors activated (38707.21 BogoMIPS)
2026-01-31T04:27:03.402821+00:00 DESKTOP-7F4TK0M kernel: node 0 deferred pages initialised in 28ms
2026-01-31T04:27:03.402821+00:00 DESKTOP-7F4TK0M kernel: devtmpfs: initialized
2026-01-31T04:27:03.402822+00:00 DESKTOP-7F4TK0M kernel: x86/mm: Memory block size: 128MB
2026-01-31T04:27:03.402823+00:00 DESKTOP-7F4TK0M kernel: clocksource: jiffies: mask: 0xffffffff max_cycles: 0xffffffff, max_idle_ns: 7645041785100000 ns
2026-01-31T04:27:03.402823+00:00 DESKTOP-7F4TK0M kernel: futex hash table entries: 2048 (order: 5, 131072 bytes, linear)
2026-01-31T04:27:03.402836+00:00 DESKTOP-7F4TK0M kernel: pinctrl core: initialized pinctrl subsystem
2026-01-31T04:27:03.402837+00:00 DESKTOP-7F4TK0M kernel: NET: Registered PF_NETLINK/PF_ROUTE protocol family
2026-01-31T04:27:03.402837+00:00 DESKTOP-7F4TK0M kernel: DMA: preallocated 512 KiB GFP_KERNEL pool for atomic allocations
2026-01-31T04:27:03.402838+00:00 DESKTOP-7F4TK0M kernel: DMA: preallocated 512 KiB GFP_KERNEL|GFP_DMA32 pool for atomic allocations
2026-01-31T04:27:03.402839+00:00 DESKTOP-7F4TK0M kernel: audit: initializing netlink subsys (disabled)
2026-01-31T04:27:03.402839+00:00 DESKTOP-7F4TK0M kernel: audit: type=2000 audit(1769833585.052:1): state=initialized audit_enabled=0 res=1
2026-01-31T04:27:03.402840+00:00 DESKTOP-7F4TK0M kernel: thermal_sys: Registered thermal governor 'step_wise'
2026-01-31T04:27:03.402846+00:00 DESKTOP-7F4TK0M kernel: thermal_sys: Registered thermal governor 'user_space'
2026-01-31T04:27:03.402847+00:00 DESKTOP-7F4TK0M kernel: cpuidle: using governor ladder
2026-01-31T04:27:03.402847+00:00 DESKTOP-7F4TK0M kernel: cpuidle: using governor menu
2026-01-31T04:27:03.402848+00:00 DESKTOP-7F4TK0M kernel: acpiphp: ACPI Hot Plug PCI Controller Driver version: 0.5
2026-01-31T04:27:03.402848+00:00 DESKTOP-7F4TK0M kernel: dca service started, version 1.12.1
2026-01-31T04:27:03.402849+00:00 DESKTOP-7F4TK0M kernel: PCI: Fatal: No config space access function found
2026-01-31T04:27:03.402853+00:00 DESKTOP-7F4TK0M kernel: kprobes: kprobe jump-optimization is enabled. All kprobes are optimized if possible.
2026-01-31T04:27:03.402757+00:00 DESKTOP-7F4TK0M rsyslogd: rsyslogd's groupid changed to 102
2026-01-31T04:27:03.402828+00:00 DESKTOP-7F4TK0M systemd[1]: Started rsyslog.service - System Logging Service.
2026-01-31T04:27:03.402889+00:00 DESKTOP-7F4TK0M rsyslogd: rsyslogd's userid changed to 102
2026-01-31T04:27:03.402963+00:00 DESKTOP-7F4TK0M kernel: HugeTLB: registered 1.00 GiB page size, pre-allocated 0 pages
2026-01-31T04:27:03.402969+00:00 DESKTOP-7F4TK0M kernel: HugeTLB: 16380 KiB vmemmap can be freed for a 1.00 GiB page
2026-01-31T04:27:03.402970+00:00 DESKTOP-7F4TK0M kernel: HugeTLB: registered 2.00 MiB page size, pre-allocated 0 pages
2026-01-31T04:27:03.402971+00:00 DESKTOP-7F4TK0M kernel: HugeTLB: 28 KiB vmemmap can be freed for a 2.00 MiB page
2026-01-31T04:27:03.402971+00:00 DESKTOP-7F4TK0M kernel: cryptd: max_cpu_qlen set to 1000
2026-01-31T04:27:03.402972+00:00 DESKTOP-7F4TK0M kernel: ACPI: Added _OSI(Module Device)
2026-01-31T04:27:03.402985+00:00 DESKTOP-7F4TK0M kernel: ACPI: Added _OSI(Processor Device)
2026-01-31T04:27:03.402986+00:00 DESKTOP-7F4TK0M kernel: ACPI: Added _OSI(3.0 _SCP Extensions)
2026-01-31T04:27:03.402986+00:00 DESKTOP-7F4TK0M kernel: ACPI: Added _OSI(Processor Aggregator Device)
2026-01-31T04:27:03.402987+00:00 DESKTOP-7F4TK0M kernel: ACPI: 1 ACPI AML tables successfully acquired and loaded
2026-01-31T04:27:03.402987+00:00 DESKTOP-7F4TK0M kernel: ACPI: _OSC evaluation for CPUs failed, trying _PDC
2026-01-31T04:27:03.402988+00:00 DESKTOP-7F4TK0M kernel: ACPI: Interpreter enabled
2026-01-31T04:27:03.402992+00:00 DESKTOP-7F4TK0M kernel: ACPI: PM: (supports S0 S5)
2026-01-31T04:27:03.402993+00:00 DESKTOP-7F4TK0M kernel: ACPI: Using IOAPIC for interrupt routing
2026-01-31T04:27:03.402994+00:00 DESKTOP-7F4TK0M kernel: PCI: Using host bridge windows from ACPI; if necessary, use "pci=nocrs" and report a bug
2026-01-31T04:27:03.402995+00:00 DESKTOP-7F4TK0M kernel: PCI: Using E820 reservations for host bridge windows
2026-01-31T04:27:03.402995+00:00 DESKTOP-7F4TK0M kernel: ACPI: Enabled 2 GPEs in block 00 to 0F
2026-01-31T04:27:03.402996+00:00 DESKTOP-7F4TK0M kernel: iommu: Default domain type: Translated
2026-01-31T04:27:03.403000+00:00 DESKTOP-7F4TK0M kernel: iommu: DMA domain TLB invalidation policy: lazy mode
2026-01-31T04:27:03.403000+00:00 DESKTOP-7F4TK0M kernel: SCSI subsystem initialized
2026-01-31T04:27:03.403001+00:00 DESKTOP-7F4TK0M kernel: libata version 3.00 loaded.
2026-01-31T04:27:03.403001+00:00 DESKTOP-7F4TK0M kernel: pps_core: LinuxPPS API ver. 1 registered
2026-01-31T04:27:03.403002+00:00 DESKTOP-7F4TK0M kernel: pps_core: Software ver. 5.3.6 - Copyright 2005-2007 Rodolfo Giometti <giometti@linux.it>
2026-01-31T04:27:03.403003+00:00 DESKTOP-7F4TK0M kernel: PTP clock support registered
2026-01-31T04:27:03.403003+00:00 DESKTOP-7F4TK0M kernel: EDAC MC: Ver: 3.0.0
2026-01-31T04:27:03.403007+00:00 DESKTOP-7F4TK0M kernel: hv_vmbus: Vmbus version:5.3
2026-01-31T04:27:03.403008+00:00 DESKTOP-7F4TK0M kernel: hv_vmbus: Unknown GUID: 6e382d18-3336-4f4b-acc4-2b7703d4df4a
2026-01-31T04:27:03.403008+00:00 DESKTOP-7F4TK0M kernel: hv_vmbus: Unknown GUID: dde9cbc0-5060-4436-9448-ea1254a5d177
2026-01-31T04:27:03.403009+00:00 DESKTOP-7F4TK0M kernel: hv_vmbus: Unknown GUID: 6e382d18-3336-4f4b-acc4-2b7703d4df4a
2026-01-31T04:27:03.403009+00:00 DESKTOP-7F4TK0M kernel: NetLabel: Initializing
2026-01-31T04:27:03.403010+00:00 DESKTOP-7F4TK0M kernel: NetLabel:  domain hash size = 128
2026-01-31T04:27:03.403014+00:00 DESKTOP-7F4TK0M kernel: NetLabel:  protocols = UNLABELED CIPSOv4 CALIPSO
2026-01-31T04:27:03.403014+00:00 DESKTOP-7F4TK0M kernel: NetLabel:  unlabeled traffic allowed by default
2026-01-31T04:27:03.403015+00:00 DESKTOP-7F4TK0M kernel: PCI: Using ACPI for IRQ routing
2026-01-31T04:27:03.403016+00:00 DESKTOP-7F4TK0M kernel: PCI: System does not support PCI
2026-01-31T04:27:03.403016+00:00 DESKTOP-7F4TK0M kernel: vgaarb: loaded
2026-01-31T04:27:03.403017+00:00 DESKTOP-7F4TK0M kernel: clocksource: Switched to clocksource tsc-early
2026-01-31T04:27:03.403017+00:00 DESKTOP-7F4TK0M kernel: VFS: Disk quotas dquot_6.6.0
2026-01-31T04:27:03.403021+00:00 DESKTOP-7F4TK0M kernel: VFS: Dquot-cache hash table entries: 512 (order 0, 4096 bytes)
2026-01-31T04:27:03.403022+00:00 DESKTOP-7F4TK0M kernel: FS-Cache: Loaded
2026-01-31T04:27:03.403022+00:00 DESKTOP-7F4TK0M kernel: pnp: PnP ACPI init
2026-01-31T04:27:03.403023+00:00 DESKTOP-7F4TK0M kernel: pnp: PnP ACPI: found 1 devices
2026-01-31T04:27:03.403023+00:00 DESKTOP-7F4TK0M kernel: clocksource: acpi_pm: mask: 0xffffff max_cycles: 0xffffff, max_idle_ns: 2085701024 ns
2026-01-31T04:27:03.403024+00:00 DESKTOP-7F4TK0M kernel: NET: Registered PF_INET protocol family
2026-01-31T04:27:03.402985+00:00 DESKTOP-7F4TK0M rsyslogd: [origin software="rsyslogd" swVersion="8.2312.0" x-pid="210" x-info="https://www.rsyslog.com"] start
2026-01-31T04:27:03.403122+00:00 DESKTOP-7F4TK0M kernel: IP idents hash table entries: 65536 (order: 7, 524288 bytes, linear)
2026-01-31T04:27:03.403125+00:00 DESKTOP-7F4TK0M kernel: tcp_listen_portaddr_hash hash table entries: 2048 (order: 3, 32768 bytes, linear)
2026-01-31T04:27:03.403126+00:00 DESKTOP-7F4TK0M kernel: Table-perturb hash table entries: 65536 (order: 6, 262144 bytes, linear)
2026-01-31T04:27:03.403127+00:00 DESKTOP-7F4TK0M kernel: TCP established hash table entries: 32768 (order: 6, 262144 bytes, linear)
2026-01-31T04:27:03.403128+00:00 DESKTOP-7F4TK0M kernel: TCP bind hash table entries: 32768 (order: 8, 1048576 bytes, linear)
2026-01-31T04:27:03.403129+00:00 DESKTOP-7F4TK0M kernel: TCP: Hash tables configured (established 32768 bind 32768)
2026-01-31T04:27:03.403136+00:00 DESKTOP-7F4TK0M kernel: UDP hash table entries: 2048 (order: 4, 65536 bytes, linear)
2026-01-31T04:27:03.403137+00:00 DESKTOP-7F4TK0M kernel: UDP-Lite hash table entries: 2048 (order: 4, 65536 bytes, linear)
2026-01-31T04:27:03.403137+00:00 DESKTOP-7F4TK0M kernel: NET: Registered PF_UNIX/PF_LOCAL protocol family
2026-01-31T04:27:03.403138+00:00 DESKTOP-7F4TK0M kernel: NET: Registered PF_XDP protocol family
2026-01-31T04:27:03.403139+00:00 DESKTOP-7F4TK0M kernel: PCI: CLS 0 bytes, default 64
2026-01-31T04:27:03.403140+00:00 DESKTOP-7F4TK0M kernel: PCI-DMA: Using software bounce buffering for IO (SWIOTLB)
2026-01-31T04:27:03.403141+00:00 DESKTOP-7F4TK0M kernel: software IO TLB: mapped [mem 0x00000000ef200000-0x00000000f3200000] (64MB)
2026-01-31T04:27:03.403145+00:00 DESKTOP-7F4TK0M kernel: Trying to unpack rootfs image as initramfs...
2026-01-31T04:27:03.403146+00:00 DESKTOP-7F4TK0M kernel: RAPL PMU: API unit is 2^-32 Joules, 0 fixed counters, 10737418240 ms ovfl timer
2026-01-31T04:27:03.403146+00:00 DESKTOP-7F4TK0M kernel: clocksource: tsc: mask: 0xffffffffffffffff max_cycles: 0x22df11e194f, max_idle_ns: 440795284480 ns
2026-01-31T04:27:03.403147+00:00 DESKTOP-7F4TK0M kernel: clocksource: Switched to clocksource tsc
2026-01-31T04:27:03.403147+00:00 DESKTOP-7F4TK0M kernel: Initialise system trusted keyrings
2026-01-31T04:27:03.403148+00:00 DESKTOP-7F4TK0M kernel: Key type blacklist registered
2026-01-31T04:27:03.403152+00:00 DESKTOP-7F4TK0M kernel: workingset: timestamp_bits=36 max_order=20 bucket_order=0
2026-01-31T04:27:03.403153+00:00 DESKTOP-7F4TK0M kernel: squashfs: version 4.0 (2009/01/31) Phillip Lougher
2026-01-31T04:27:03.403154+00:00 DESKTOP-7F4TK0M kernel: fuse: init (API version 7.39)
2026-01-31T04:27:03.403155+00:00 DESKTOP-7F4TK0M kernel: SGI XFS with ACLs, security attributes, realtime, verbose warnings, quota, no debug enabled
2026-01-31T04:27:03.403155+00:00 DESKTOP-7F4TK0M kernel: 9p: Installing v9fs 9p2000 file system support
2026-01-31T04:27:03.403156+00:00 DESKTOP-7F4TK0M kernel: Freeing initrd memory: 2672K
2026-01-31T04:27:03.403157+00:00 DESKTOP-7F4TK0M kernel: Key type asymmetric registered
2026-01-31T04:27:03.403161+00:00 DESKTOP-7F4TK0M kernel: Asymmetric key parser 'x509' registered
2026-01-31T04:27:03.403162+00:00 DESKTOP-7F4TK0M kernel: Block layer SCSI generic (bsg) driver version 0.4 loaded (major 245)
2026-01-31T04:27:03.403163+00:00 DESKTOP-7F4TK0M kernel: io scheduler mq-deadline registered
2026-01-31T04:27:03.403164+00:00 DESKTOP-7F4TK0M kernel: io scheduler kyber registered
2026-01-31T04:27:03.403164+00:00 DESKTOP-7F4TK0M kernel: hv_vmbus: registering driver hv_pci
2026-01-31T04:27:03.403165+00:00 DESKTOP-7F4TK0M kernel: hv_pci c4b741f5-5582-4c98-8f8b-2e082933c396: PCI VMBus probing: Using version 0x10004
2026-01-31T04:27:03.403292+00:00 DESKTOP-7F4TK0M kernel: hv_pci c4b741f5-5582-4c98-8f8b-2e082933c396: PCI host bridge to bus 5582:00
2026-01-31T04:27:03.403425+00:00 DESKTOP-7F4TK0M kernel: pci_bus 5582:00: root bus resource [mem 0x9ffe00000-0x9ffe02fff window]
2026-01-31T04:27:03.403430+00:00 DESKTOP-7F4TK0M kernel: pci_bus 5582:00: No busn resource found for root bus, will use [bus 00-ff]
2026-01-31T04:27:03.403431+00:00 DESKTOP-7F4TK0M kernel: pci 5582:00:00.0: [1af4:1043] type 00 class 0x010000
2026-01-31T04:27:03.403432+00:00 DESKTOP-7F4TK0M kernel: pci 5582:00:00.0: reg 0x10: [mem 0x9ffe00000-0x9ffe00fff 64bit]
2026-01-31T04:27:03.403433+00:00 DESKTOP-7F4TK0M kernel: pci 5582:00:00.0: reg 0x18: [mem 0x9ffe01000-0x9ffe01fff 64bit]
2026-01-31T04:27:03.403434+00:00 DESKTOP-7F4TK0M kernel: pci 5582:00:00.0: reg 0x20: [mem 0x9ffe02000-0x9ffe02fff 64bit]
2026-01-31T04:27:03.403435+00:00 DESKTOP-7F4TK0M kernel: pci_bus 5582:00: busn_res: [bus 00-ff] end is updated to 00
2026-01-31T04:27:03.403436+00:00 DESKTOP-7F4TK0M kernel: pci 5582:00:00.0: BAR 0: assigned [mem 0x9ffe00000-0x9ffe00fff 64bit]
2026-01-31T04:27:03.403437+00:00 DESKTOP-7F4TK0M kernel: pci 5582:00:00.0: BAR 2: assigned [mem 0x9ffe01000-0x9ffe01fff 64bit]
2026-01-31T04:27:03.403438+00:00 DESKTOP-7F4TK0M kernel: pci 5582:00:00.0: BAR 4: assigned [mem 0x9ffe02000-0x9ffe02fff 64bit]
2026-01-31T04:27:03.403439+00:00 DESKTOP-7F4TK0M kernel: hv_pci 9267b34c-9175-496a-91d0-7839eec8a4b8: PCI VMBus probing: Using version 0x10004
2026-01-31T04:27:03.403439+00:00 DESKTOP-7F4TK0M kernel: hv_pci 9267b34c-9175-496a-91d0-7839eec8a4b8: PCI host bridge to bus 9175:00
2026-01-31T04:27:03.403440+00:00 DESKTOP-7F4TK0M kernel: pci_bus 9175:00: No busn resource found for root bus, will use [bus 00-ff]
2026-01-31T04:27:03.403441+00:00 DESKTOP-7F4TK0M kernel: pci 9175:00:00.0: [1414:008e] type 00 class 0x030200
2026-01-31T04:27:03.403442+00:00 DESKTOP-7F4TK0M kernel: pci_bus 9175:00: busn_res: [bus 00-ff] end is updated to 00
2026-01-31T04:27:03.403443+00:00 DESKTOP-7F4TK0M kernel: hv_pci cf343b6f-dc7e-4ce3-99f7-a9ff94000222: PCI VMBus probing: Using version 0x10004
2026-01-31T04:27:03.403444+00:00 DESKTOP-7F4TK0M kernel: hv_pci cf343b6f-dc7e-4ce3-99f7-a9ff94000222: PCI host bridge to bus dc7e:00
2026-01-31T04:27:03.403445+00:00 DESKTOP-7F4TK0M kernel: pci_bus dc7e:00: No busn resource found for root bus, will use [bus 00-ff]
2026-01-31T04:27:03.403445+00:00 DESKTOP-7F4TK0M kernel: pci dc7e:00:00.0: [1414:008e] type 00 class 0x030200
2026-01-31T04:27:03.403457+00:00 DESKTOP-7F4TK0M kernel: pci_bus dc7e:00: busn_res: [bus 00-ff] end is updated to 00
2026-01-31T04:27:03.403458+00:00 DESKTOP-7F4TK0M kernel: ioatdma: Intel(R) QuickData Technology Driver 5.00
2026-01-31T04:27:03.403458+00:00 DESKTOP-7F4TK0M kernel: virtio-pci 5582:00:00.0: enabling device (0000 -> 0002)
2026-01-31T04:27:03.403459+00:00 DESKTOP-7F4TK0M kernel: Serial: 8250/16550 driver, 8 ports, IRQ sharing enabled
2026-01-31T04:27:03.403460+00:00 DESKTOP-7F4TK0M kernel: Linux agpgart interface v0.103
2026-01-31T04:27:03.403461+00:00 DESKTOP-7F4TK0M kernel: AMD-Vi: AMD IOMMUv2 functionality not available on this system - This is not a bug.
2026-01-31T04:27:03.403461+00:00 DESKTOP-7F4TK0M kernel: ACPI: bus type drm_connector registered
2026-01-31T04:27:03.403467+00:00 DESKTOP-7F4TK0M kernel: printk: console [hvc0] enabled
2026-01-31T04:27:03.403468+00:00 DESKTOP-7F4TK0M kernel: brd: module loaded
2026-01-31T04:27:03.403469+00:00 DESKTOP-7F4TK0M kernel: loop: module loaded
2026-01-31T04:27:03.403469+00:00 DESKTOP-7F4TK0M kernel: Loading iSCSI transport class v2.0-870.
2026-01-31T04:27:03.403470+00:00 DESKTOP-7F4TK0M kernel: rdac: device handler registered
2026-01-31T04:27:03.403470+00:00 DESKTOP-7F4TK0M kernel: Microchip SmartPQI Driver (v2.1.24-046)
2026-01-31T04:27:03.403474+00:00 DESKTOP-7F4TK0M kernel: VMware PVSCSI driver - version 1.0.7.0-k
2026-01-31T04:27:03.403475+00:00 DESKTOP-7F4TK0M kernel: hv_vmbus: registering driver hv_storvsc
2026-01-31T04:27:03.403475+00:00 DESKTOP-7F4TK0M kernel: PPP generic driver version 2.4.2
2026-01-31T04:27:03.403476+00:00 DESKTOP-7F4TK0M kernel: scsi host0: storvsc_host_t
2026-01-31T04:27:03.403477+00:00 DESKTOP-7F4TK0M kernel: VMware vmxnet3 virtual NIC driver - version 1.7.0.0-k-NAPI
2026-01-31T04:27:03.403477+00:00 DESKTOP-7F4TK0M kernel: hv_vmbus: registering driver hv_netvsc
2026-01-31T04:27:03.403478+00:00 DESKTOP-7F4TK0M kernel: Fusion MPT base driver 3.04.20
2026-01-31T04:27:03.403482+00:00 DESKTOP-7F4TK0M kernel: Copyright (c) 1999-2008 LSI Corporation
2026-01-31T04:27:03.403482+00:00 DESKTOP-7F4TK0M kernel: Fusion MPT SPI Host driver 3.04.20
2026-01-31T04:27:03.403586+00:00 DESKTOP-7F4TK0M kernel: Fusion MPT SAS Host driver 3.04.20
2026-01-31T04:27:03.403590+00:00 DESKTOP-7F4TK0M kernel: Fusion MPT misc device (ioctl) driver 3.04.20
2026-01-31T04:27:03.403592+00:00 DESKTOP-7F4TK0M kernel: mptctl: Registered with Fusion MPT base driver
2026-01-31T04:27:03.403592+00:00 DESKTOP-7F4TK0M kernel: mptctl: /dev/mptctl @ (major,minor=10,220)
2026-01-31T04:27:03.403603+00:00 DESKTOP-7F4TK0M kernel: i8042: PNP: No PS/2 controller found.
2026-01-31T04:27:03.403604+00:00 DESKTOP-7F4TK0M kernel: hv_vmbus: registering driver hyperv_keyboard
2026-01-31T04:27:03.403605+00:00 DESKTOP-7F4TK0M kernel: rtc_cmos 00:00: RTC can wake from S4
2026-01-31T04:27:03.403643+00:00 DESKTOP-7F4TK0M kernel: rtc_cmos 00:00: registered as rtc0
2026-01-31T04:27:03.403644+00:00 DESKTOP-7F4TK0M kernel: rtc_cmos 00:00: setting system clock to 2026-01-31T04:26:26 UTC (1769833586)
2026-01-31T04:27:03.403647+00:00 DESKTOP-7F4TK0M kernel: rtc_cmos 00:00: alarms up to one month, 114 bytes nvram
2026-01-31T04:27:03.403656+00:00 DESKTOP-7F4TK0M kernel: device-mapper: core: CONFIG_IMA_DISABLE_HTABLE is disabled. Duplicate IMA measurements will not be recorded in the IMA log.
2026-01-31T04:27:03.403657+00:00 DESKTOP-7F4TK0M kernel: device-mapper: uevent: version 1.0.3
2026-01-31T04:27:03.403658+00:00 DESKTOP-7F4TK0M kernel: device-mapper: ioctl: 4.48.0-ioctl (2023-03-01) initialised: dm-devel@redhat.com
2026-01-31T04:27:03.403659+00:00 DESKTOP-7F4TK0M kernel: intel_pstate: CPU model not supported
2026-01-31T04:27:03.403659+00:00 DESKTOP-7F4TK0M kernel: hv_utils: Registering HyperV Utility Driver
2026-01-31T04:27:03.403660+00:00 DESKTOP-7F4TK0M kernel: hv_vmbus: registering driver hv_utils
2026-01-31T04:27:03.403661+00:00 DESKTOP-7F4TK0M kernel: hv_vmbus: registering driver hv_balloon
2026-01-31T04:27:03.403665+00:00 DESKTOP-7F4TK0M kernel: hv_vmbus: registering driver dxgkrnl
2026-01-31T04:27:03.403666+00:00 DESKTOP-7F4TK0M kernel: hv_utils: TimeSync IC version 4.0
2026-01-31T04:27:03.403667+00:00 DESKTOP-7F4TK0M kernel: hv_balloon: Using Dynamic Memory protocol version 2.0
2026-01-31T04:27:03.403668+00:00 DESKTOP-7F4TK0M kernel: Free page reporting enabled
2026-01-31T04:27:03.403668+00:00 DESKTOP-7F4TK0M kernel: hv_balloon: Cold memory discard hint enabled with order 9
2026-01-31T04:27:03.403669+00:00 DESKTOP-7F4TK0M kernel: drop_monitor: Initializing network drop monitor service
2026-01-31T04:27:03.403676+00:00 DESKTOP-7F4TK0M kernel: NET: Registered PF_INET6 protocol family
2026-01-31T04:27:03.403677+00:00 DESKTOP-7F4TK0M kernel: Segment Routing with IPv6
2026-01-31T04:27:03.403678+00:00 DESKTOP-7F4TK0M kernel: In-situ OAM (IOAM) with IPv6
2026-01-31T04:27:03.403678+00:00 DESKTOP-7F4TK0M kernel: NET: Registered PF_PACKET protocol family
2026-01-31T04:27:03.403679+00:00 DESKTOP-7F4TK0M kernel: 9pnet: Installing 9P2000 support
2026-01-31T04:27:03.403679+00:00 DESKTOP-7F4TK0M kernel: NET: Registered PF_VSOCK protocol family
2026-01-31T04:27:03.403683+00:00 DESKTOP-7F4TK0M kernel: hv_vmbus: registering driver hv_sock
2026-01-31T04:27:03.403684+00:00 DESKTOP-7F4TK0M kernel: IPI shorthand broadcast: enabled
2026-01-31T04:27:03.403736+00:00 DESKTOP-7F4TK0M kernel: AVX2 version of gcm_enc/dec engaged.
2026-01-31T04:27:03.403738+00:00 DESKTOP-7F4TK0M kernel: AES CTR mode by8 optimization enabled
2026-01-31T04:27:03.403739+00:00 DESKTOP-7F4TK0M kernel: sched_clock: Marking stable (740106235, 6783555)->(804847521, -57957731)
2026-01-31T04:27:03.403739+00:00 DESKTOP-7F4TK0M kernel: registered taskstats version 1
2026-01-31T04:27:03.403740+00:00 DESKTOP-7F4TK0M kernel: Loading compiled-in X.509 certificates
2026-01-31T04:27:03.403750+00:00 DESKTOP-7F4TK0M kernel: ima: No TPM chip found, activating TPM-bypass!
2026-01-31T04:27:03.403750+00:00 DESKTOP-7F4TK0M kernel: ima: Allocated hash algorithm: sha256
2026-01-31T04:27:03.403751+00:00 DESKTOP-7F4TK0M kernel: ima: No architecture policies found
2026-01-31T04:27:03.403751+00:00 DESKTOP-7F4TK0M kernel: RAS: Correctable Errors collector initialized.
2026-01-31T04:27:03.403752+00:00 DESKTOP-7F4TK0M kernel: clk: Disabling unused clocks
2026-01-31T04:27:03.403752+00:00 DESKTOP-7F4TK0M kernel: Freeing unused decrypted memory: 2028K
2026-01-31T04:27:03.403755+00:00 DESKTOP-7F4TK0M kernel: Freeing unused kernel image (initmem) memory: 4492K
2026-01-31T04:27:03.403756+00:00 DESKTOP-7F4TK0M kernel: Write protecting the kernel read-only data: 34816k
2026-01-31T04:27:03.403756+00:00 DESKTOP-7F4TK0M kernel: Freeing unused kernel image (rodata/data gap) memory: 840K
2026-01-31T04:27:03.403757+00:00 DESKTOP-7F4TK0M kernel: Run /init as init process
2026-01-31T04:27:03.403757+00:00 DESKTOP-7F4TK0M kernel:   with arguments:
2026-01-31T04:27:03.403758+00:00 DESKTOP-7F4TK0M kernel:     /init
2026-01-31T04:27:03.403758+00:00 DESKTOP-7F4TK0M kernel:   with environment:
2026-01-31T04:27:03.403761+00:00 DESKTOP-7F4TK0M kernel:     HOME=/
2026-01-31T04:27:03.403761+00:00 DESKTOP-7F4TK0M kernel:     TERM=linux
2026-01-31T04:27:03.403762+00:00 DESKTOP-7F4TK0M kernel:     WSL_ROOT_INIT=1
2026-01-31T04:27:03.403762+00:00 DESKTOP-7F4TK0M kernel:     WSL_ENABLE_CRASH_DUMP=1
2026-01-31T04:27:03.403763+00:00 DESKTOP-7F4TK0M kernel: scsi 0:0:0:0: Direct-Access     Msft     Virtual Disk     1.0  PQ: 0 ANSI: 5
2026-01-31T04:27:03.403763+00:00 DESKTOP-7F4TK0M kernel: sd 0:0:0:0: Attached scsi generic sg0 type 0
2026-01-31T04:27:03.403766+00:00 DESKTOP-7F4TK0M kernel: sd 0:0:0:0: [sda] 795536 512-byte logical blocks: (407 MB/388 MiB)
2026-01-31T04:27:03.403766+00:00 DESKTOP-7F4TK0M kernel: sd 0:0:0:0: [sda] Write Protect is on
2026-01-31T04:27:03.403767+00:00 DESKTOP-7F4TK0M kernel: sd 0:0:0:0: [sda] Mode Sense: 0f 00 80 00
2026-01-31T04:27:03.403767+00:00 DESKTOP-7F4TK0M kernel: sd 0:0:0:0: [sda] Write cache: disabled, read cache: enabled, doesn't support DPO or FUA
2026-01-31T04:27:03.403770+00:00 DESKTOP-7F4TK0M kernel: sd 0:0:0:0: [sda] Attached SCSI disk
2026-01-31T04:27:03.403771+00:00 DESKTOP-7F4TK0M kernel: scsi 0:0:0:1: Direct-Access     Msft     Virtual Disk     1.0  PQ: 0 ANSI: 5
2026-01-31T04:27:03.403773+00:00 DESKTOP-7F4TK0M kernel: sd 0:0:0:1: Attached scsi generic sg1 type 0
2026-01-31T04:27:03.403774+00:00 DESKTOP-7F4TK0M kernel: sd 0:0:0:1: [sdb] 381016 512-byte logical blocks: (195 MB/186 MiB)
2026-01-31T04:27:03.403774+00:00 DESKTOP-7F4TK0M kernel: sd 0:0:0:1: [sdb] Write Protect is on
2026-01-31T04:27:03.403775+00:00 DESKTOP-7F4TK0M kernel: sd 0:0:0:1: [sdb] Mode Sense: 0f 00 80 00
2026-01-31T04:27:03.403775+00:00 DESKTOP-7F4TK0M kernel: sd 0:0:0:1: [sdb] Write cache: disabled, read cache: enabled, doesn't support DPO or FUA
2026-01-31T04:27:03.403775+00:00 DESKTOP-7F4TK0M kernel: sd 0:0:0:1: [sdb] Attached SCSI disk
2026-01-31T04:27:03.403776+00:00 DESKTOP-7F4TK0M kernel: scsi 0:0:0:2: Direct-Access     Msft     Virtual Disk     1.0  PQ: 0 ANSI: 5
2026-01-31T04:27:03.404403+00:00 DESKTOP-7F4TK0M kernel: sd 0:0:0:2: Attached scsi generic sg2 type 0
2026-01-31T04:27:03.404511+00:00 DESKTOP-7F4TK0M kernel: sd 0:0:0:2: [sdc] 2097160 512-byte logical blocks: (1.07 GB/1.00 GiB)
2026-01-31T04:27:03.404513+00:00 DESKTOP-7F4TK0M kernel: sd 0:0:0:2: [sdc] 4096-byte physical blocks
2026-01-31T04:27:03.404514+00:00 DESKTOP-7F4TK0M kernel: sd 0:0:0:2: [sdc] Write Protect is off
2026-01-31T04:27:03.404515+00:00 DESKTOP-7F4TK0M kernel: sd 0:0:0:2: [sdc] Mode Sense: 0f 00 00 00
2026-01-31T04:27:03.404516+00:00 DESKTOP-7F4TK0M kernel: sd 0:0:0:2: [sdc] Write cache: enabled, read cache: enabled, doesn't support DPO or FUA
2026-01-31T04:27:03.404517+00:00 DESKTOP-7F4TK0M kernel: sd 0:0:0:2: [sdc] Attached SCSI disk
2026-01-31T04:27:03.404517+00:00 DESKTOP-7F4TK0M kernel: EXT4-fs (sda): mounted filesystem 00000000-0000-0000-0000-000000000000 ro without journal. Quota mode: none.
2026-01-31T04:27:03.404519+00:00 DESKTOP-7F4TK0M kernel: EXT4-fs (sdb): mounted filesystem 00000000-0000-0000-0000-000000000000 ro without journal. Quota mode: none.
2026-01-31T04:27:03.404520+00:00 DESKTOP-7F4TK0M kernel: tun: Universal TUN/TAP device driver, 1.6
2026-01-31T04:27:03.404521+00:00 DESKTOP-7F4TK0M kernel: bridge: filtering via arp/ip/ip6tables is no longer available by default. Update your scripts to load br_netfilter if you need this.
2026-01-31T04:27:03.404522+00:00 DESKTOP-7F4TK0M kernel: Bridge firewalling registered
2026-01-31T04:27:03.404523+00:00 DESKTOP-7F4TK0M kernel: Adding 1048576k swap on /dev/sdc.  Priority:-2 extents:1 across:1048576k 
2026-01-31T04:27:03.404524+00:00 DESKTOP-7F4TK0M kernel: hv_pci 1d3d336d-2961-4168-864b-77ae62757cc2: PCI VMBus probing: Using version 0x10004
2026-01-31T04:27:03.404524+00:00 DESKTOP-7F4TK0M kernel: hv_pci 1d3d336d-2961-4168-864b-77ae62757cc2: PCI host bridge to bus 2961:00
2026-01-31T04:27:03.404525+00:00 DESKTOP-7F4TK0M kernel: pci_bus 2961:00: root bus resource [mem 0xc00000000-0xe00001fff window]
2026-01-31T04:27:03.404526+00:00 DESKTOP-7F4TK0M kernel: pci_bus 2961:00: No busn resource found for root bus, will use [bus 00-ff]
2026-01-31T04:27:03.404527+00:00 DESKTOP-7F4TK0M kernel: pci 2961:00:00.0: [1af4:105a] type 00 class 0x088000
2026-01-31T04:27:03.404527+00:00 DESKTOP-7F4TK0M kernel: pci 2961:00:00.0: reg 0x10: [mem 0xe00000000-0xe00000fff 64bit]
2026-01-31T04:27:03.404528+00:00 DESKTOP-7F4TK0M kernel: pci 2961:00:00.0: reg 0x18: [mem 0xe00001000-0xe00001fff 64bit]
2026-01-31T04:27:03.404529+00:00 DESKTOP-7F4TK0M kernel: pci 2961:00:00.0: reg 0x20: [mem 0xc00000000-0xdffffffff 64bit]
2026-01-31T04:27:03.404529+00:00 DESKTOP-7F4TK0M kernel: pci_bus 2961:00: busn_res: [bus 00-ff] end is updated to 00
2026-01-31T04:27:03.404530+00:00 DESKTOP-7F4TK0M kernel: pci 2961:00:00.0: BAR 4: assigned [mem 0xc00000000-0xdffffffff 64bit]
2026-01-31T04:27:03.404531+00:00 DESKTOP-7F4TK0M kernel: pci 2961:00:00.0: BAR 0: assigned [mem 0xe00000000-0xe00000fff 64bit]
2026-01-31T04:27:03.404532+00:00 DESKTOP-7F4TK0M kernel: pci 2961:00:00.0: BAR 2: assigned [mem 0xe00001000-0xe00001fff 64bit]
2026-01-31T04:27:03.404532+00:00 DESKTOP-7F4TK0M kernel: virtio-pci 2961:00:00.0: enabling device (0000 -> 0002)
2026-01-31T04:27:03.404533+00:00 DESKTOP-7F4TK0M kernel: virtiofs virtio1: Cache len: 0x200000000 @ 0xc00000000
2026-01-31T04:27:03.404534+00:00 DESKTOP-7F4TK0M kernel: scsi 0:0:0:3: Direct-Access     Msft     Virtual Disk     1.0  PQ: 0 ANSI: 5
2026-01-31T04:27:03.404535+00:00 DESKTOP-7F4TK0M kernel: sd 0:0:0:3: Attached scsi generic sg3 type 0
2026-01-31T04:27:03.404535+00:00 DESKTOP-7F4TK0M kernel: sd 0:0:0:3: [sdd] 263456 512-byte logical blocks: (135 MB/129 MiB)
2026-01-31T04:27:03.404536+00:00 DESKTOP-7F4TK0M kernel: sd 0:0:0:3: [sdd] Write Protect is off
2026-01-31T04:27:03.404537+00:00 DESKTOP-7F4TK0M kernel: sd 0:0:0:3: [sdd] Mode Sense: 0f 00 00 00
2026-01-31T04:27:03.404537+00:00 DESKTOP-7F4TK0M kernel: sd 0:0:0:3: [sdd] Write cache: enabled, read cache: enabled, doesn't support DPO or FUA
2026-01-31T04:27:03.404538+00:00 DESKTOP-7F4TK0M kernel: sd 0:0:0:3: [sdd] Attached SCSI disk
2026-01-31T04:27:03.404539+00:00 DESKTOP-7F4TK0M kernel: EXT4-fs (sdd): mounted filesystem bacd227f-d1aa-44fd-84e5-584735b4bbdc r/w with ordered data mode. Quota mode: none.
2026-01-31T04:27:03.404540+00:00 DESKTOP-7F4TK0M kernel: EXT4-fs (sdd): unmounting filesystem bacd227f-d1aa-44fd-84e5-584735b4bbdc.
2026-01-31T04:27:03.404541+00:00 DESKTOP-7F4TK0M kernel: scsi 0:0:0:4: Direct-Access     Msft     Virtual Disk     1.0  PQ: 0 ANSI: 5
2026-01-31T04:27:03.404541+00:00 DESKTOP-7F4TK0M kernel: sd 0:0:0:4: Attached scsi generic sg4 type 0
2026-01-31T04:27:03.404542+00:00 DESKTOP-7F4TK0M kernel: sd 0:0:0:4: [sde] 2147483648 512-byte logical blocks: (1.10 TB/1.00 TiB)
2026-01-31T04:27:03.404543+00:00 DESKTOP-7F4TK0M kernel: sd 0:0:0:4: [sde] 4096-byte physical blocks
2026-01-31T04:27:03.404544+00:00 DESKTOP-7F4TK0M kernel: sd 0:0:0:4: [sde] Write Protect is off
2026-01-31T04:27:03.404544+00:00 DESKTOP-7F4TK0M kernel: sd 0:0:0:4: [sde] Mode Sense: 0f 00 00 00
2026-01-31T04:27:03.404545+00:00 DESKTOP-7F4TK0M kernel: sd 0:0:0:4: [sde] Write cache: enabled, read cache: enabled, doesn't support DPO or FUA
2026-01-31T04:27:03.404546+00:00 DESKTOP-7F4TK0M kernel: sd 0:0:0:4: [sde] Attached SCSI disk
2026-01-31T04:27:03.404547+00:00 DESKTOP-7F4TK0M kernel: EXT4-fs (sdd): mounted filesystem bacd227f-d1aa-44fd-84e5-584735b4bbdc r/w with ordered data mode. Quota mode: none.
2026-01-31T04:27:03.404588+00:00 DESKTOP-7F4TK0M kernel: WSL (1 - init(docker-desktop)) ERROR: ConfigApplyWindowsLibPath:2058: open /etc/ld.so.conf.d/ld.wsl.conf failed 2
2026-01-31T04:27:03.404589+00:00 DESKTOP-7F4TK0M kernel: WSL (1 - init(docker-desktop)) WARNING: /usr/share/zoneinfo/Asia/Calcutta not found. Is the tzdata package installed?
2026-01-31T04:27:03.404590+00:00 DESKTOP-7F4TK0M kernel: pulseaudio[271]: memfd_create() called without MFD_EXEC or MFD_NOEXEC_SEAL set
2026-01-31T04:27:03.404590+00:00 DESKTOP-7F4TK0M kernel: EXT4-fs (sde): recovery complete
2026-01-31T04:27:03.404591+00:00 DESKTOP-7F4TK0M kernel: EXT4-fs (sde): mounted filesystem 444a4a4b-414e-48ea-b8b6-230a42bdf590 r/w with ordered data mode. Quota mode: none.
2026-01-31T04:27:03.404592+00:00 DESKTOP-7F4TK0M kernel: loop0: detected capacity change from 0 to 1343928
2026-01-31T04:27:03.404593+00:00 DESKTOP-7F4TK0M kernel: misc dxg: dxgk: dxgkio_is_feature_enabled: Ioctl failed: -22
2026-01-31T04:27:03.404593+00:00 DESKTOP-7F4TK0M kernel: misc dxg: dxgk: dxgkio_query_adapter_info: Ioctl failed: -22
2026-01-31T04:27:03.404597+00:00 DESKTOP-7F4TK0M kernel: message repeated 2 times: [ misc dxg: dxgk: dxgkio_query_adapter_info: Ioctl failed: -22]
2026-01-31T04:27:03.404599+00:00 DESKTOP-7F4TK0M kernel: misc dxg: dxgk: dxgkio_query_adapter_info: Ioctl failed: -2
2026-01-31T04:27:03.404605+00:00 DESKTOP-7F4TK0M kernel: ISO 9660 Extensions: Microsoft Joliet Level 3
2026-01-31T04:27:03.404606+00:00 DESKTOP-7F4TK0M kernel: ISO 9660 Extensions: RRIP_1991A
2026-01-31T04:27:03.404607+00:00 DESKTOP-7F4TK0M kernel: loop1: detected capacity change from 0 to 1356660
2026-01-31T04:27:03.404607+00:00 DESKTOP-7F4TK0M kernel: ISO 9660 Extensions: RRIP_1991A
2026-01-31T04:27:03.404608+00:00 DESKTOP-7F4TK0M kernel: netlink: 'init': attribute type 4 has an invalid length.
2026-01-31T04:27:03.404609+00:00 DESKTOP-7F4TK0M kernel: misc dxg: dxgk: dxgkio_query_adapter_info: Ioctl failed: -22
2026-01-31T04:27:03.404611+00:00 DESKTOP-7F4TK0M kernel: message repeated 2 times: [ misc dxg: dxgk: dxgkio_query_adapter_info: Ioctl failed: -22]
2026-01-31T04:27:03.404612+00:00 DESKTOP-7F4TK0M kernel: misc dxg: dxgk: dxgkio_query_adapter_info: Ioctl failed: -2
2026-01-31T04:27:03.404613+00:00 DESKTOP-7F4TK0M kernel: virtiofs: Unknown parameter 'negative_dentry_timeout'
2026-01-31T04:27:03.404614+00:00 DESKTOP-7F4TK0M kernel: scsi 0:0:0:5: Direct-Access     Msft     Virtual Disk     1.0  PQ: 0 ANSI: 5
2026-01-31T04:27:03.404614+00:00 DESKTOP-7F4TK0M kernel: sd 0:0:0:5: Attached scsi generic sg5 type 0
2026-01-31T04:27:03.404615+00:00 DESKTOP-7F4TK0M kernel: sd 0:0:0:5: [sdf] 2147483648 512-byte logical blocks: (1.10 TB/1.00 TiB)
2026-01-31T04:27:03.404616+00:00 DESKTOP-7F4TK0M kernel: sd 0:0:0:5: [sdf] 4096-byte physical blocks
2026-01-31T04:27:03.404617+00:00 DESKTOP-7F4TK0M kernel: sd 0:0:0:5: [sdf] Write Protect is off
2026-01-31T04:27:03.404617+00:00 DESKTOP-7F4TK0M kernel: sd 0:0:0:5: [sdf] Mode Sense: 0f 00 00 00
2026-01-31T04:27:03.404618+00:00 DESKTOP-7F4TK0M kernel: sd 0:0:0:5: [sdf] Write cache: enabled, read cache: enabled, doesn't support DPO or FUA
2026-01-31T04:27:03.404619+00:00 DESKTOP-7F4TK0M kernel: sd 0:0:0:5: [sdf] Attached SCSI disk
2026-01-31T04:27:03.404619+00:00 DESKTOP-7F4TK0M kernel: EXT4-fs (sdf): recovery complete
2026-01-31T04:27:03.404620+00:00 DESKTOP-7F4TK0M kernel: EXT4-fs (sdf): mounted filesystem 7e694ef5-a84e-429d-b9f5-1820f3e90211 r/w with ordered data mode. Quota mode: none.
2026-01-31T04:27:03.404621+00:00 DESKTOP-7F4TK0M kernel: RPC: Registered named UNIX socket transport module.
2026-01-31T04:27:03.404621+00:00 DESKTOP-7F4TK0M kernel: RPC: Registered udp transport module.
2026-01-31T04:27:03.404622+00:00 DESKTOP-7F4TK0M kernel: RPC: Registered tcp transport module.
2026-01-31T04:27:03.404623+00:00 DESKTOP-7F4TK0M kernel: RPC: Registered tcp-with-tls transport module.
2026-01-31T04:27:03.404623+00:00 DESKTOP-7F4TK0M kernel: RPC: Registered tcp NFSv4.1 backchannel transport module.
2026-01-31T04:27:03.404624+00:00 DESKTOP-7F4TK0M kernel: misc dxg: dxgk: dxgkio_is_feature_enabled: Ioctl failed: -22
2026-01-31T04:27:03.404624+00:00 DESKTOP-7F4TK0M kernel: misc dxg: dxgk: dxgkio_query_adapter_info: Ioctl failed: -22
2026-01-31T04:27:03.404625+00:00 DESKTOP-7F4TK0M kernel: WSL (217) ERROR: CheckConnection: getaddrinfo() failed: -5
2026-01-31T04:27:03.404626+00:00 DESKTOP-7F4TK0M kernel: misc dxg: dxgk: dxgkio_query_adapter_info: Ioctl failed: -22
2026-01-31T04:27:03.404627+00:00 DESKTOP-7F4TK0M kernel: misc dxg: dxgk: dxgkio_query_adapter_info: Ioctl failed: -22
2026-01-31T04:27:03.404628+00:00 DESKTOP-7F4TK0M kernel: misc dxg: dxgk: dxgkio_query_adapter_info: Ioctl failed: -2
2026-01-31T04:27:03.404629+00:00 DESKTOP-7F4TK0M kernel: WSL (2 - init-systemd(Ubuntu-24.04)) WARNING: /usr/share/zoneinfo/Asia/Calcutta not found. Is the tzdata package installed?
2026-01-31T04:27:03.404630+00:00 DESKTOP-7F4TK0M kernel: misc dxg: dxgk: dxgkio_query_adapter_info: Ioctl failed: -22
2026-01-31T04:27:03.404632+00:00 DESKTOP-7F4TK0M kernel: message repeated 2 times: [ misc dxg: dxgk: dxgkio_query_adapter_info: Ioctl failed: -22]
2026-01-31T04:27:03.404633+00:00 DESKTOP-7F4TK0M kernel: misc dxg: dxgk: dxgkio_query_adapter_info: Ioctl failed: -2
2026-01-31T04:27:03.404634+00:00 DESKTOP-7F4TK0M kernel: Failed to connect to bus: No such file or directory
2026-01-31T04:27:03.404637+00:00 DESKTOP-7F4TK0M kernel: message repeated 3 times: [ Failed to connect to bus: No such file or directory]
2026-01-31T04:27:03.404638+00:00 DESKTOP-7F4TK0M kernel: Initializing XFRM netlink socket
2026-01-31T04:27:03.404639+00:00 DESKTOP-7F4TK0M kernel: systemd-journald[65]: Collecting audit messages is disabled.
2026-01-31T04:27:03.404640+00:00 DESKTOP-7F4TK0M kernel: systemd-journald[65]: Received client request to flush runtime journal.
2026-01-31T04:27:03.404641+00:00 DESKTOP-7F4TK0M kernel: systemd-journald[65]: File /var/log/journal/9b860e6dc5124242b96b0afc4b8db9d6/system.journal corrupted or uncleanly shut down, renaming and replacing.
2026-01-31T04:27:03.404642+00:00 DESKTOP-7F4TK0M kernel: ACPI: AC: AC Adapter [AC1] (on-line)
2026-01-31T04:27:03.404642+00:00 DESKTOP-7F4TK0M kernel: ACPI: battery: Slot [BAT1] (battery present)
2026-01-31T04:27:03.404643+00:00 DESKTOP-7F4TK0M kernel: kvm_intel: Using Hyper-V Enlightened VMCS
2026-01-31T04:27:03.456878+00:00 DESKTOP-7F4TK0M wsl-pro-service[195]: #033[36mINFO#033[0m Starting WSL Pro Service version v0.1.4
2026-01-31T04:27:03.457320+00:00 DESKTOP-7F4TK0M wsl-pro-service[195]: #033[37mDEBUG#033[0m Debug mode is enabled
2026-01-31T04:27:03.457441+00:00 DESKTOP-7F4TK0M wsl-pro-service[195]: #033[37mDEBUG#033[0m Building new daemon
2026-01-31T04:27:03.471550+00:00 DESKTOP-7F4TK0M snapd[192]: overlord.go:274: Acquiring state lock file
2026-01-31T04:27:03.471666+00:00 DESKTOP-7F4TK0M snapd[192]: overlord.go:279: Acquired state lock file
2026-01-31T04:27:03.496358+00:00 DESKTOP-7F4TK0M snapd[192]: daemon.go:250: started snapd/2.66.1+24.04 (series 16; classic; devmode; wsl) ubuntu/24.04 (amd64) linux/6.6.87.2-microsoft-standa.
2026-01-31T04:27:03.549509+00:00 DESKTOP-7F4TK0M systemd[1]: tmp-syscheck\x2dmountpoint\x2d444576010.mount: Deactivated successfully.
2026-01-31T04:27:03.552524+00:00 DESKTOP-7F4TK0M snapd[192]: daemon.go:353: adjusting startup timeout by 30s (pessimistic estimate of 30s plus 5s per snap)
2026-01-31T04:27:03.555973+00:00 DESKTOP-7F4TK0M snapd[192]: backends.go:58: AppArmor status: apparmor not enabled
2026-01-31T04:27:03.580221+00:00 DESKTOP-7F4TK0M wsl-pro-service[195]: #033[37mDEBUG#033[0m Ready state sent to systemd
2026-01-31T04:27:03.580625+00:00 DESKTOP-7F4TK0M wsl-pro-service[195]: #033[36mINFO#033[0m Daemon: connecting to Windows Agent
2026-01-31T04:27:03.580656+00:00 DESKTOP-7F4TK0M wsl-pro-service[195]: #033[37mDEBUG#033[0m Updated systemd status to "Connecting"
2026-01-31T04:27:03.581126+00:00 DESKTOP-7F4TK0M systemd[1]: Started wsl-pro.service - Bridge to Ubuntu Pro agent on Windows.
2026-01-31T04:27:03.582311+00:00 DESKTOP-7F4TK0M kernel: intel_rapl_msr: PL4 support detected.
2026-01-31T04:27:03.583726+00:00 DESKTOP-7F4TK0M wsl-pro-service[195]: #033[33mWARNING#033[0m Daemon: could not connect to Windows Agent: could not get address: could not read agent port file "/mnt/c/Users/Mustafa/.ubuntupro/.address": open /mnt/c/Users/Mustafa/.ubuntupro/.address: no such file or directory
2026-01-31T04:27:03.583863+00:00 DESKTOP-7F4TK0M wsl-pro-service[195]: #033[36mINFO#033[0m Reconnecting to Windows host in 1 seconds
2026-01-31T04:27:03.583904+00:00 DESKTOP-7F4TK0M wsl-pro-service[195]: #033[37mDEBUG#033[0m Updated systemd status to "Not connected: waiting to retry"
2026-01-31T04:27:03.606533+00:00 DESKTOP-7F4TK0M systemd[1]: Cannot find unit for notify message of PID 266, ignoring.
2026-01-31T04:27:03.608578+00:00 DESKTOP-7F4TK0M systemd[1]: Started snapd.service - Snap Daemon.
2026-01-31T04:27:03.615652+00:00 DESKTOP-7F4TK0M dbus-daemon[186]: [system] Activating via systemd: service name='org.freedesktop.timedate1' unit='dbus-org.freedesktop.timedate1.service' requested by ':1.4' (uid=0 pid=192 comm="/usr/lib/snapd/snapd" label="kernel")
2026-01-31T04:27:03.643043+00:00 DESKTOP-7F4TK0M systemd[1]: Starting systemd-timedated.service - Time & Date Service...
2026-01-31T04:27:03.687310+00:00 DESKTOP-7F4TK0M dbus-daemon[186]: [system] Successfully activated service 'org.freedesktop.timedate1'
2026-01-31T04:27:03.689010+00:00 DESKTOP-7F4TK0M systemd[1]: Started systemd-timedated.service - Time & Date Service.
2026-01-31T04:27:03.967066+00:00 DESKTOP-7F4TK0M systemd[1]: Finished snapd.seeded.service - Wait until snapd is fully seeded.
2026-01-31T04:27:03.970061+00:00 DESKTOP-7F4TK0M systemd[1]: snapd.autoimport.service - Auto import assertions from block devices was skipped because no trigger condition checks were met.
2026-01-31T04:27:04.584713+00:00 DESKTOP-7F4TK0M wsl-pro-service[195]: #033[36mINFO#033[0m Daemon: connecting to Windows Agent
2026-01-31T04:27:04.584862+00:00 DESKTOP-7F4TK0M wsl-pro-service[195]: #033[37mDEBUG#033[0m Updated systemd status to "Connecting"
2026-01-31T04:27:04.589176+00:00 DESKTOP-7F4TK0M wsl-pro-service[195]: #033[33mWARNING#033[0m Daemon: could not connect to Windows Agent: could not get address: could not read agent port file "/mnt/c/Users/Mustafa/.ubuntupro/.address": open /mnt/c/Users/Mustafa/.ubuntupro/.address: no such file or directory
2026-01-31T04:27:04.589254+00:00 DESKTOP-7F4TK0M wsl-pro-service[195]: #033[36mINFO#033[0m Reconnecting to Windows host in 2 seconds
2026-01-31T04:27:04.589285+00:00 DESKTOP-7F4TK0M wsl-pro-service[195]: #033[37mDEBUG#033[0m Updated systemd status to "Not connected: waiting to retry"
2026-01-31T04:27:04.723163+00:00 DESKTOP-7F4TK0M landscape-config[189]: Registered:    False
2026-01-31T04:27:04.723451+00:00 DESKTOP-7F4TK0M landscape-config[189]: Config Path:   /etc/landscape/client.conf
2026-01-31T04:27:04.723499+00:00 DESKTOP-7F4TK0M landscape-config[189]: Data Path      /var/lib/landscape/client
2026-01-31T04:27:04.810380+00:00 DESKTOP-7F4TK0M systemd[1]: landscape-client.service: Skipped due to 'exec-condition'.
2026-01-31T04:27:04.810569+00:00 DESKTOP-7F4TK0M systemd[1]: Condition check resulted in landscape-client.service - Landscape client daemons being skipped.
2026-01-31T04:27:04.812076+00:00 DESKTOP-7F4TK0M systemd[1]: Reached target multi-user.target - Multi-User System.
2026-01-31T04:27:04.812720+00:00 DESKTOP-7F4TK0M systemd[1]: Reached target graphical.target - Graphical Interface.
2026-01-31T04:27:04.835325+00:00 DESKTOP-7F4TK0M systemd[1]: Starting systemd-update-utmp-runlevel.service - Record Runlevel Change in UTMP...
2026-01-31T04:27:04.842667+00:00 DESKTOP-7F4TK0M systemd[1]: systemd-update-utmp-runlevel.service: Deactivated successfully.
2026-01-31T04:27:04.842825+00:00 DESKTOP-7F4TK0M systemd[1]: Finished systemd-update-utmp-runlevel.service - Record Runlevel Change in UTMP.
2026-01-31T04:27:04.844816+00:00 DESKTOP-7F4TK0M systemd[1]: Startup finished in 4.180s.
2026-01-31T04:27:05.195822+00:00 DESKTOP-7F4TK0M systemd[1]: dmesg.service: Deactivated successfully.
2026-01-31T04:27:05.624153+00:00 DESKTOP-7F4TK0M systemd[1]: Created slice user-0.slice - User Slice of UID 0.
